 MtpLite

 Timestamp is 589ba5ad (Wed Feb  8 18:11:41 2017)

 Preferred load address is 0000000180000000

 Start         Length     Name                   Class
 0001:00000000 00000110H .text$di                CODE
 0001:00000110 000257c0H .text$mn                CODE
 0001:000258d0 00000020H .text$mn$00             CODE
 0001:000258f0 00000580H .text$x                 CODE
 0001:00025e70 00000174H .text$yd                CODE
 0002:00000000 00000300H .idata$5                DATA
 0002:00000300 00000010H .00cfg                  DATA
 0002:00000310 00000008H .CRT$XCA                DATA
 0002:00000318 00000038H .CRT$XCC                DATA
 0002:00000350 00000010H .CRT$XCL                DATA
 0002:00000360 00000008H .CRT$XCU                DATA
 0002:00000368 00000008H .CRT$XCZ                DATA
 0002:00000370 00000008H .CRT$XIA                DATA
 0002:00000378 00000030H .CRT$XIC                DATA
 0002:000003a8 00000008H .CRT$XIZ                DATA
 0002:000003b0 00000008H .CRT$XLA                DATA
 0002:000003b8 00000008H .CRT$XLZ                DATA
 0002:000003c0 00000008H .CRT$XPA                DATA
 0002:000003c8 00000010H .CRT$XPX                DATA
 0002:000003d8 00000008H .CRT$XPXA               DATA
 0002:000003e0 00000008H .CRT$XPZ                DATA
 0002:000003e8 00000008H .CRT$XTA                DATA
 0002:000003f0 00000010H .CRT$XTZ                DATA
 0002:00000400 00012c68H .rdata                  DATA
 0002:00013068 00000028H .rdata$T                DATA
 0002:00013090 00000f44H .rdata$r                DATA
 0002:00013fd4 0000049cH .rdata$zzzdbg           DATA
 0002:00014470 00000008H .rtc$IAA                DATA
 0002:00014478 00000008H .rtc$IZZ                DATA
 0002:00014480 00000008H .rtc$TAA                DATA
 0002:00014488 00000008H .rtc$TZZ                DATA
 0002:00014490 00002320H .xdata                  DATA
 0002:000167b0 00000304H .xdata$x                DATA
 0002:00016ab4 00000020H .didat$2                DATA
 0002:00016ad4 00000024H .didat$3                DATA
 0002:00016af8 000000e8H .didat$4                DATA
 0002:00016be0 00000780H .didat$6                DATA
 0002:00017360 000000f0H .didat$7                DATA
 0002:00017450 00000054H .edata                  DATA
 0002:000174a4 0000003cH .idata$2                DATA
 0002:000174e0 00000018H .idata$3                DATA
 0002:000174f8 00000300H .idata$4                DATA
 0002:000177f8 000006daH .idata$6                DATA
 0003:00000000 00000ba0H .data                   DATA
 0003:00000ba0 00000590H .data$r                 DATA
 0003:00001130 000000f0H .didat$5                DATA
 0003:00001220 00001984H .bss                    DATA
 0004:00000000 00002250H .pdata                  DATA
 0005:00000000 000000b4H .gfids$x                DATA
 0005:000000b4 000001ecH .gfids$y                DATA
 0006:00000000 00000004H .tls                    DATA
 0006:00000004 00000004H .tls$                   DATA
 0006:00000008 00000001H .tls$ZZZ                DATA
 0007:00000000 00000060H .rsrc$01                DATA
 0007:00000060 00000180H .rsrc$02                DATA

  Address         Publics by Value              Rva+Base               Lib:Object

 0000:00000000       __guard_longjmp_table      0000000000000000     <absolute>
 0000:00000000       __guard_longjmp_count      0000000000000000     <absolute>
 0000:00000000       __guard_iat_table          0000000000000000     <absolute>
 0000:00000000       __dynamic_value_reloc_table 0000000000000000     <absolute>
 0000:00000000       __guard_iat_count          0000000000000000     <absolute>
 0000:00000000       __guard_fids_count         0000000000000000     <absolute>
 0000:00000000       ___safe_se_handler_table   0000000000000000     <absolute>
 0000:00000000       ___safe_se_handler_count   0000000000000000     <absolute>
 0000:00000000       __guard_fids_table         0000000000000000     <absolute>
 0000:00000100       __guard_flags              0000000000000100     <absolute>
 0000:00000000       __ImageBase                0000000180000000     <linker-defined>
 0001:00000110       __local_stdio_printf_options 0000000180001110 f i binding.obj
 0001:00000120       wprintf                    0000000180001120 f i binding.obj
 0001:00000180       ?what@exception@stdext@@UEBAPEBDXZ 0000000180001180 f i binding.obj
 0001:000001a0       _guard_check_icall_nop     00000001800011a0 f i LIBCMT:guard_support.obj
 0001:000001a0       ?_Unlock@?$basic_streambuf@DU?$char_traits@D@std@@@std@@UEAAXXZ 00000001800011a0 f i libcpmt:cout.obj
 0001:000001a0       ?_Doraise@exception@stdext@@MEBAXXZ 00000001800011a0 f i binding.obj
 0001:000001a0       ?_Lock@?$basic_streambuf@DU?$char_traits@D@std@@@std@@UEAAXXZ 00000001800011a0 f i libcpmt:cout.obj
 0001:000001a0       ?imbue@?$basic_streambuf@DU?$char_traits@D@std@@@std@@MEAAXAEBVlocale@2@@Z 00000001800011a0 f i libcpmt:cout.obj
 0001:000001a0       __except_validate_context_record 00000001800011a0 f i libvcruntime:jbcxrval.obj
 0001:000001b0       ??_Gexception@stdext@@UEAAPEAXI@Z 00000001800011b0 f i binding.obj
 0001:000001b0       ??_Gruntime_error@std@@UEAAPEAXI@Z 00000001800011b0 f i binding.obj
 0001:000001b0       ??_Eruntime_error@std@@UEAAPEAXI@Z 00000001800011b0 f i * CIL library *:* CIL module *
 0001:000001b0       ??_Eexception@stdext@@UEAAPEAXI@Z 00000001800011b0 f i * CIL library *:* CIL module *
 0001:000001e0       ?_Deallocate@std@@YAXPEAX_K1@Z 00000001800011e0 f i binding.obj
 0001:00000250       ??1runtime_error@std@@UEAA@XZ 0000000180001250 f i binding.obj
 0001:00000260       ??_Eerror_category@std@@UEAAPEAXI@Z 0000000180001260 f i * CIL library *:* CIL module *
 0001:00000260       ??_G_Iostream_error_category@std@@UEAAPEAXI@Z 0000000180001260 f i binding.obj
 0001:00000260       ??_Gerror_category@std@@UEAAPEAXI@Z 0000000180001260 f i binding.obj
 0001:00000260       ??_E_Iostream_error_category@std@@UEAAPEAXI@Z 0000000180001260 f i * CIL library *:* CIL module *
 0001:00000290       ?default_error_condition@error_category@std@@UEBA?AVerror_condition@2@H@Z 0000000180001290 f i binding.obj
 0001:000002a0       ?equivalent@error_category@std@@UEBA_NHAEBVerror_condition@2@@Z 00000001800012a0 f i binding.obj
 0001:00000300       ?equivalent@error_category@std@@UEBA_NAEBVerror_code@2@H@Z 0000000180001300 f i binding.obj
 0001:00000320       ??0_System_error@std@@IEAA@Verror_code@1@AEBV?$basic_string@DU?$char_traits@D@std@@V?$allocator@D@2@@1@@Z 0000000180001320 f i binding.obj
 0001:00000540       ??_Efailure@ios_base@std@@UEAAPEAXI@Z 0000000180001540 f i * CIL library *:* CIL module *
 0001:00000540       ??_G_System_error@std@@UEAAPEAXI@Z 0000000180001540 f i binding.obj
 0001:00000540       ??_E_System_error@std@@UEAAPEAXI@Z 0000000180001540 f i * CIL library *:* CIL module *
 0001:00000540       ??_Gfailure@ios_base@std@@UEAAPEAXI@Z 0000000180001540 f i binding.obj
 0001:00000570       ?name@_Iostream_error_category@std@@UEBAPEBDXZ 0000000180001570 f i binding.obj
 0001:00000580       ?message@_Iostream_error_category@std@@UEBA?AV?$basic_string@DU?$char_traits@D@std@@V?$allocator@D@2@@2@H@Z 0000000180001580 f i binding.obj
 0001:00000600       ?clear@ios_base@std@@QEAAXH_N@Z 0000000180001600 f i binding.obj
 0001:00000aa0       ?New@?$Factory@VFunctionTemplate@v8@@@imp@Nan@@SA?AV?$Local@VFunctionTemplate@v8@@@v8@@P6AXAEBV?$FunctionCallbackInfo@VValue@v8@@@3@@ZV?$Local@VValue@v8@@@5@V?$Local@VSignature@v8@@@5@@Z 0000000180001aa0 f i binding.obj
 0001:00000c80       ?Export@Nan@@YAXV?$Local@VObject@v8@@@v8@@PEBDP6AXAEBV?$FunctionCallbackInfo@VValue@v8@@@1@@Z@Z 0000000180001c80 f i binding.obj
 0001:00000de0       ?StringCchPrintfW@@YAJPEA_W_KPEB_WZZ 0000000180001de0 f i binding.obj
 0001:00000ed0       ?DisplayStringPropertyV8@@YA?AV?$Local@VString@v8@@@v8@@PEAUIPortableDeviceValues@@AEBU_tagpropertykey@@PEB_W@Z 0000000180001ed0 f   binding.obj
 0001:00001020       ?ReadContentPropertiesForObjectIdV8@@YA?AV?$Local@VObject@v8@@@v8@@PEAUIPortableDevice@@PEB_W@Z 0000000180002020 f   binding.obj
 0001:000015a0       ?RecursiveEnumerateV8@@YAXPEAUIPortableDevice@@PEB_WPEAUIPortableDeviceContent@@V?$Local@VObject@v8@@@v8@@@Z 00000001800025a0 f   binding.obj
 0001:00001790       ?GetStringValue@@YAJPEAUIPortableDeviceProperties@@PEB_WAEBU_tagpropertykey@@PEAPEA_W@Z 0000000180002790 f   binding.obj
 0001:000018d0       ?StreamCopy@@YAJPEAUIStream@@0KPEAK@Z 00000001800028d0 f   binding.obj
 0001:00001a00       ?GetRequiredPropertiesForAllContentTypes@@YAJPEAUIPortableDeviceValues@@PEB_W1PEAUIStream@@@Z 0000000180002a00 f   binding.obj
 0001:00001c00       ?GetRequiredPropertiesForContentType@@YAJAEBU_GUID@@PEB_W1PEAUIStream@@PEAPEAUIPortableDeviceValues@@@Z 0000000180002c00 f   binding.obj
 0001:00001e50       ?GetFileFromDeviceV8@@YA?AV?$Local@VObject@v8@@@v8@@PEAUIPortableDevice@@PEA_WV12@@Z 0000000180002e50 f   binding.obj
 0001:000022b0       ?DeleteFileFromDeviceV8@@YA?AV?$Local@VObject@v8@@@v8@@PEAUIPortableDevice@@PEA_WV12@@Z 00000001800032b0 f   binding.obj
 0001:00002540       ?TransferFileToDeviceV8@@YA?AV?$Local@VObject@v8@@@v8@@PEAUIPortableDevice@@AEBU_GUID@@PEA_W2V12@@Z 0000000180003540 f   binding.obj
 0001:00002990       ?DisplayFriendlyName@@YAXPEAUIPortableDeviceManager@@PEB_W@Z 0000000180003990 f   binding.obj
 0001:00002ab0       ?StringifyPWSTRV8@@YA?AV?$Local@VString@v8@@@v8@@PEA_W@Z 0000000180003ab0 f   binding.obj
 0001:00002b60       ?DisplayFriendlyNameV8@@YA?AV?$Local@VString@v8@@@v8@@PEAUIPortableDeviceManager@@PEB_W@Z 0000000180003b60 f   binding.obj
 0001:00002c90       ?DisplayManufacturer@@YAXPEAUIPortableDeviceManager@@PEB_W@Z 0000000180003c90 f   binding.obj
 0001:00002db0       ?DisplayManufacturerV8@@YA?AV?$Local@VString@v8@@@v8@@PEAUIPortableDeviceManager@@PEB_W@Z 0000000180003db0 f   binding.obj
 0001:00002ee0       ?DisplayDescription@@YAXPEAUIPortableDeviceManager@@PEB_W@Z 0000000180003ee0 f   binding.obj
 0001:00003000       ?DisplayDescriptionV8@@YA?AV?$Local@VString@v8@@@v8@@PEAUIPortableDeviceManager@@PEB_W@Z 0000000180004000 f   binding.obj
 0001:00003130       ?EnumerateAllDevices@@YAKXZ 0000000180004130 f   binding.obj
 0001:00003320       ?EnumerateAllDevicesV8@@YA?AV?$Local@VArray@v8@@@v8@@XZ 0000000180004320 f   binding.obj
 0001:00003640       ?GetClientInformation@@YAXPEAPEAUIPortableDeviceValues@@@Z 0000000180004640 f   binding.obj
 0001:00003760       ?ChooseFirstLightPhone@@YAXPEAPEAUIPortableDevice@@@Z 0000000180004760 f   binding.obj
 0001:00003980       ?DoSendFileV8@@YA?AV?$Local@VObject@v8@@@v8@@PEA_W0@Z 0000000180004980 f   binding.obj
 0001:00003a90       ?DoGetFileV8@@YA?AV?$Local@VObject@v8@@@v8@@PEA_W@Z 0000000180004a90 f   binding.obj
 0001:00003ba0       ?DoDeleteFileV8@@YA?AV?$Local@VObject@v8@@@v8@@PEA_W@Z 0000000180004ba0 f   binding.obj
 0001:00003cb0       ?Detect@@YAXAEBV?$FunctionCallbackInfo@VValue@v8@@@Nan@@@Z 0000000180004cb0 f   binding.obj
 0001:00003d50       ?List@@YAXAEBV?$FunctionCallbackInfo@VValue@v8@@@Nan@@@Z 0000000180004d50 f   binding.obj
 0001:00003ea0       ?SendFile@@YAXAEBV?$FunctionCallbackInfo@VValue@v8@@@Nan@@@Z 0000000180004ea0 f   binding.obj
 0001:000043d0       ?GetFile@@YAXAEBV?$FunctionCallbackInfo@VValue@v8@@@Nan@@@Z 00000001800053d0 f   binding.obj
 0001:00004750       ?DelFile@@YAXAEBV?$FunctionCallbackInfo@VValue@v8@@@Nan@@@Z 0000000180005750 f   binding.obj
 0001:00004ad0       ?Initialize@@YAXV?$Local@VObject@v8@@@v8@@@Z 0000000180005ad0 f   binding.obj
 0001:00004b70       ??1?$basic_string@DU?$char_traits@D@std@@V?$allocator@D@2@@std@@QEAA@XZ 0000000180005b70 f i binding.obj
 0001:00004c00       ?_Tidy@?$vector@_WV?$allocator@_W@std@@@std@@IEAAXXZ 0000000180005c00 f i binding.obj
 0001:00004c90       ?assign@?$basic_string@DU?$char_traits@D@std@@V?$allocator@D@2@@std@@QEAAAEAV12@PEBD_K@Z 0000000180005c90 f i binding.obj
 0001:00004dc0       ?assign@?$basic_string@DU?$char_traits@D@std@@V?$allocator@D@2@@std@@QEAAAEAV12@AEBV12@_K1@Z 0000000180005dc0 f i binding.obj
 0001:00004ef0       ?append@?$basic_string@DU?$char_traits@D@std@@V?$allocator@D@2@@std@@QEAAAEAV12@PEBD_K@Z 0000000180005ef0 f i binding.obj
 0001:00005040       ?append@?$basic_string@DU?$char_traits@D@std@@V?$allocator@D@2@@std@@QEAAAEAV12@AEBV12@_K1@Z 0000000180006040 f i binding.obj
 0001:00005170       ?deallocate@?$_Wrap_alloc@V?$allocator@_W@std@@@std@@QEAAXPEA_W_K@Z 0000000180006170 f i binding.obj
 0001:000051e0       ?_Xlen@?$basic_string@DU?$char_traits@D@std@@V?$allocator@D@2@@std@@QEBAXXZ 00000001800061e0 f i binding.obj
 0001:00005200       ?erase@?$basic_string@DU?$char_traits@D@std@@V?$allocator@D@2@@std@@QEAAAEAV12@_K0@Z 0000000180006200 f i binding.obj
 0001:000052d0       ?_Copy@?$basic_string@_WU?$char_traits@_W@std@@V?$allocator@_W@2@@std@@QEAAX_K0@Z 00000001800062d0 f i binding.obj
 0001:00005440       ?_Copy@?$basic_string@DU?$char_traits@D@std@@V?$allocator@D@2@@std@@QEAAX_K0@Z 0000000180006440 f i binding.obj
 0001:000055c0       ?allocate@?$_Wrap_alloc@V?$allocator@_W@std@@@std@@QEAAPEA_W_K@Z 00000001800065c0 f i binding.obj
 0001:00005630       ??$_Immortalize@V_Iostream_error_category@std@@@std@@YAAEAV_Iostream_error_category@0@XZ 0000000180006630 f i binding.obj
 0001:000056b0       ??$_Construct@PEAD@?$basic_string@_WU?$char_traits@_W@std@@V?$allocator@_W@2@@std@@QEAAXPEAD0Uinput_iterator_tag@1@@Z 00000001800066b0 f i binding.obj
 0001:0000580c       __imp_load_?Value@External@v8@@QEBAPEAXXZ 000000018000680c f   node:node.exe
 0001:00005818       __tailMerge_node_exe       0000000180006818 f i node:node.exe
 0001:00005891       __imp_load_?New@External@v8@@SA?AV?$Local@VExternal@v8@@@2@PEAVIsolate@2@PEAX@Z 0000000180006891 f   node:node.exe
 0001:0000589d       __imp_load_?GetCurrentContext@Isolate@v8@@QEAA?AV?$Local@VContext@v8@@@2@XZ 000000018000689d f   node:node.exe
 0001:000058a9       __imp_load_?GetCurrent@Isolate@v8@@SAPEAV12@XZ 00000001800068a9 f   node:node.exe
 0001:000058b5       __imp_load_?CreateHandle@HandleScope@v8@@KAPEAPEAVObject@internal@2@PEAVIsolate@42@PEAV342@@Z 00000001800068b5 f   node:node.exe
 0001:000058c1       __imp_load_?CreateHandle@HandleScope@v8@@CAPEAPEAVObject@internal@2@PEAVHeapObject@42@PEAV342@@Z 00000001800068c1 f   node:node.exe
 0001:000058cd       __imp_load_??1HandleScope@v8@@QEAA@XZ 00000001800068cd f   node:node.exe
 0001:000058d9       __imp_load_??0HandleScope@v8@@QEAA@PEAVIsolate@1@@Z 00000001800068d9 f   node:node.exe
 0001:000058e5       __imp_load_?New@Array@v8@@SA?AV?$Local@VArray@v8@@@2@PEAVIsolate@2@H@Z 00000001800068e5 f   node:node.exe
 0001:000058f1       __imp_load_?GetFunction@FunctionTemplate@v8@@QEAA?AV?$MaybeLocal@VFunction@v8@@@2@V?$Local@VContext@v8@@@2@@Z 00000001800068f1 f   node:node.exe
 0001:000058fd       __imp_load_?New@FunctionTemplate@v8@@SA?AV?$Local@VFunctionTemplate@v8@@@2@PEAVIsolate@2@P6AXAEBV?$FunctionCallbackInfo@VValue@v8@@@2@@ZV?$Local@VValue@v8@@@2@V?$Local@VSignature@v8@@@2@HW4ConstructorBehavior@2@@Z 00000001800068fd f   node:node.exe
 0001:00005909       __imp_load_?ToLocalEmpty@V8@v8@@CAXXZ 0000000180006909 f   node:node.exe
 0001:00005915       __imp_load_?Escape@EscapableHandleScope@v8@@AEAAPEAPEAVObject@internal@2@PEAPEAV342@@Z 0000000180006915 f   node:node.exe
 0001:00005921       __imp_load_??0EscapableHandleScope@v8@@QEAA@PEAVIsolate@1@@Z 0000000180006921 f   node:node.exe
 0001:0000592d       __imp_load_??1Utf8Value@String@v8@@QEAA@XZ 000000018000692d f   node:node.exe
 0001:00005939       __imp_load_??0Utf8Value@String@v8@@QEAA@V?$Local@VValue@v8@@@2@@Z 0000000180006939 f   node:node.exe
 0001:00005945       __imp_load_?NewFromUtf8@String@v8@@SA?AV?$MaybeLocal@VString@v8@@@2@PEAVIsolate@2@PEBDW4NewStringType@2@H@Z 0000000180006945 f   node:node.exe
 0001:00005951       __imp_load_?SlowGetInternalField@Object@v8@@AEAA?AV?$Local@VValue@v8@@@2@H@Z 0000000180006951 f   node:node.exe
 0001:0000595d       __imp_load_?New@Object@v8@@SA?AV?$Local@VObject@v8@@@2@PEAVIsolate@2@@Z 000000018000695d f   node:node.exe
 0001:00005969       __imp_load_?SetInternalField@Object@v8@@QEAAXHV?$Local@VValue@v8@@@2@@Z 0000000180006969 f   node:node.exe
 0001:00005975       __imp_load_?Set@Object@v8@@QEAA_NV?$Local@VValue@v8@@@2@0@Z 0000000180006975 f   node:node.exe
 0001:00005981       __imp_load_?Set@Object@v8@@QEAA?AV?$Maybe@_N@2@V?$Local@VContext@v8@@@2@V?$Local@VValue@v8@@@2@1@Z 0000000180006981 f   node:node.exe
 0001:0000598d       __imp_load_?Set@Object@v8@@QEAA_NIV?$Local@VValue@v8@@@2@@Z 000000018000698d f   node:node.exe
 0001:00005999       __imp_load_?SetInternalFieldCount@ObjectTemplate@v8@@QEAAXH@Z 0000000180006999 f   node:node.exe
 0001:000059a5       __imp_load_?NewInstance@ObjectTemplate@v8@@QEAA?AV?$MaybeLocal@VObject@v8@@@2@V?$Local@VContext@v8@@@2@@Z 00000001800069a5 f   node:node.exe
 0001:000059b1       __imp_load_?New@ObjectTemplate@v8@@SA?AV?$Local@VObjectTemplate@v8@@@2@PEAVIsolate@2@V?$Local@VFunctionTemplate@v8@@@2@@Z 00000001800069b1 f   node:node.exe
 0001:000059bd       __imp_load_node_module_register 00000001800069bd f   node:node.exe
 0001:000059c9       __imp_load_?ToString@Value@v8@@QEBA?AV?$Local@VString@v8@@@2@XZ 00000001800069c9 f   node:node.exe
 0001:000059d8       ??$use_facet@V?$codecvt@DDU_Mbstatet@@@std@@@std@@YAAEBV?$codecvt@DDU_Mbstatet@@@0@AEBVlocale@0@@Z 00000001800069d8 f i libcpmt:cout.obj
 0001:00005b10       ??$use_facet@V?$ctype@D@std@@@std@@YAAEBV?$ctype@D@0@AEBVlocale@0@@Z 0000000180006b10 f i libcpmt:cout.obj
 0001:00005c48       ??0?$basic_ostream@DU?$char_traits@D@std@@@std@@QEAA@PEAV?$basic_streambuf@DU?$char_traits@D@std@@@1@_N@Z 0000000180006c48 f i libcpmt:cout.obj
 0001:00005d10       ??0?$basic_streambuf@DU?$char_traits@D@std@@@std@@IEAA@XZ 0000000180006d10 f i libcpmt:cout.obj
 0001:00005dc0       ??0_Init_cout@std@@QEAA@XZ 0000000180006dc0 f i libcpmt:cout.obj
 0001:00005e2c       ??0_Locinfo@std@@QEAA@PEBD@Z 0000000180006e2c f i libcpmt:cout.obj
 0001:00005ec4       ??0bad_cast@std@@QEAA@AEBV01@@Z 0000000180006ec4 f i libcpmt:cout.obj
 0001:00005f04       ??0bad_cast@std@@QEAA@XZ   0000000180006f04 f i libcpmt:cout.obj
 0001:00005f24       ??0exception@std@@QEAA@AEBV01@@Z 0000000180006f24 f i libcpmt:cout.obj
 0001:00005f5c       ??0runtime_error@std@@QEAA@AEBV01@@Z 0000000180006f5c f i libcpmt:cout.obj
 0001:00005f9c       ??0runtime_error@std@@QEAA@PEBD@Z 0000000180006f9c f i libcpmt:cout.obj
 0001:00005fe8       ??1?$_Yarn@D@std@@QEAA@XZ  0000000180006fe8 f i libcpmt:cout.obj
 0001:00005fe8       ??1?$_Yarn@_W@std@@QEAA@XZ 0000000180006fe8 f i libcpmt:cout.obj
 0001:00006008       ??1?$basic_filebuf@DU?$char_traits@D@std@@@std@@UEAA@XZ 0000000180007008 f i libcpmt:cout.obj
 0001:000060b4       ??1?$basic_ios@DU?$char_traits@D@std@@@std@@UEAA@XZ 00000001800070b4 f i libcpmt:cout.obj
 0001:000060d8       ??1_Locinfo@std@@QEAA@XZ   00000001800070d8 f i libcpmt:cout.obj
 0001:00006178       ??1length_error@std@@UEAA@XZ 0000000180007178 f i libcpmt:xthrow.obj
 0001:00006178       ??1bad_cast@std@@UEAA@XZ   0000000180007178 f i libcpmt:cout.obj
 0001:00006178       ??1bad_exception@std@@UEAA@XZ 0000000180007178 f i libvcruntime:frame.obj
 0001:00006178       ??1out_of_range@std@@UEAA@XZ 0000000180007178 f i libcpmt:xthrow.obj
 0001:00006178       ??1bad_alloc@std@@UEAA@XZ  0000000180007178 f i libcpmt:xthrow.obj
 0001:00006178       ??1bad_array_new_length@std@@UEAA@XZ 0000000180007178 f i LIBCMT:throw_bad_alloc.obj
 0001:0000618c       ??1locale@std@@QEAA@XZ     000000018000718c f i libcpmt:cout.obj
 0001:000061ec       ??_E?$basic_ostream@DU?$char_traits@D@std@@@std@@$4PPPPPPPM@A@EAAPEAXI@Z 00000001800071ec f i libcpmt:cout.obj
 0001:000061f8       ??_G?$basic_filebuf@DU?$char_traits@D@std@@@std@@UEAAPEAXI@Z 00000001800071f8 f i libcpmt:cout.obj
 0001:000061f8       ??_E?$basic_filebuf@DU?$char_traits@D@std@@@std@@UEAAPEAXI@Z 00000001800071f8 f i libcpmt:cout.obj
 0001:0000622c       ??_G?$basic_ios@DU?$char_traits@D@std@@@std@@UEAAPEAXI@Z 000000018000722c f i libcpmt:cout.obj
 0001:0000622c       ??_E?$basic_ios@DU?$char_traits@D@std@@@std@@UEAAPEAXI@Z 000000018000722c f i libcpmt:cout.obj
 0001:00006278       ??_E?$basic_ostream@DU?$char_traits@D@std@@@std@@UEAAPEAXI@Z 0000000180007278 f i libcpmt:cout.obj
 0001:00006278       ??_G?$basic_ostream@DU?$char_traits@D@std@@@std@@UEAAPEAXI@Z 0000000180007278 f i libcpmt:cout.obj
 0001:000062e8       ??_G?$basic_streambuf@DU?$char_traits@D@std@@@std@@UEAAPEAXI@Z 00000001800072e8 f i libcpmt:cout.obj
 0001:000062e8       ??_E?$basic_streambuf@DU?$char_traits@D@std@@@std@@UEAAPEAXI@Z 00000001800072e8 f i libcpmt:cout.obj
 0001:00006338       ??_E?$codecvt@DDU_Mbstatet@@@std@@MEAAPEAXI@Z 0000000180007338 f i libcpmt:cout.obj
 0001:00006338       ??_G?$codecvt@DDU_Mbstatet@@@std@@MEAAPEAXI@Z 0000000180007338 f i libcpmt:cout.obj
 0001:00006364       ??_G?$ctype@D@std@@MEAAPEAXI@Z 0000000180007364 f i libcpmt:cout.obj
 0001:00006364       ??_E?$ctype@D@std@@MEAAPEAXI@Z 0000000180007364 f i libcpmt:cout.obj
 0001:000063d0       ??_E_Facet_base@std@@UEAAPEAXI@Z 00000001800073d0 f i libcpmt:cout.obj
 0001:000063d0       ??_G_Facet_base@std@@UEAAPEAXI@Z 00000001800073d0 f i libcpmt:cout.obj
 0001:000063fc       ??_Eios_base@std@@UEAAPEAXI@Z 00000001800073fc f i libcpmt:cout.obj
 0001:000063fc       ??_Gios_base@std@@UEAAPEAXI@Z 00000001800073fc f i libcpmt:cout.obj
 0001:00006448       ??_Glocale@std@@QEAAPEAXI@Z 0000000180007448 f i libcpmt:cout.obj
 0001:000064d8       ?_Decref@facet@locale@std@@UEAAPEAV_Facet_base@3@XZ 00000001800074d8 f i libcpmt:cout.obj
 0001:000064e8       ?_Endwrite@?$basic_filebuf@DU?$char_traits@D@std@@@std@@IEAA_NXZ 00000001800074e8 f i libcpmt:cout.obj
 0001:0000669c       ?_Getcat@?$codecvt@DDU_Mbstatet@@@std@@SA_KPEAPEBVfacet@locale@2@PEBV42@@Z 000000018000769c f i libcpmt:cout.obj
 0001:00006760       ?_Getcat@?$ctype@D@std@@SA_KPEAPEBVfacet@locale@2@PEBV42@@Z 0000000180007760 f i libcpmt:cout.obj
 0001:00006844       ?_Incref@facet@locale@std@@UEAAXXZ 0000000180007844 f i libcpmt:cout.obj
 0001:0000684c       ?_Init@?$basic_filebuf@DU?$char_traits@D@std@@@std@@IEAAXPEAU_iobuf@@W4_Initfl@12@@Z 000000018000784c f i libcpmt:cout.obj
 0001:00006938       ?_Init@ios_base@std@@IEAAXXZ 0000000180007938 f i libcpmt:cout.obj
 0001:000069b8       ?_Initcvt@?$basic_filebuf@DU?$char_traits@D@std@@@std@@IEAAXPEBV?$codecvt@DDU_Mbstatet@@@2@@Z 00000001800079b8 f i libcpmt:cout.obj
 0001:00006a58       ?_Lock@?$basic_filebuf@DU?$char_traits@D@std@@@std@@UEAAXXZ 0000000180007a58 f i libcpmt:cout.obj
 0001:00006a74       ?_Unlock@?$basic_filebuf@DU?$char_traits@D@std@@@std@@UEAAXXZ 0000000180007a74 f i libcpmt:cout.obj
 0001:00006a90       ?append@?$basic_string@DU?$char_traits@D@std@@V?$allocator@D@2@@std@@QEAAAEAV12@_KD@Z 0000000180007a90 f i libcpmt:cout.obj
 0001:00006b80       ?do_out@?$codecvt@DDU_Mbstatet@@@std@@MEBAHAEAU_Mbstatet@@PEBD1AEAPEBDPEAD3AEAPEAD@Z 0000000180007b80 f i libcpmt:cout.obj
 0001:00006b80       ?do_in@?$codecvt@DDU_Mbstatet@@@std@@MEBAHAEAU_Mbstatet@@PEBD1AEAPEBDPEAD3AEAPEAD@Z 0000000180007b80 f i libcpmt:cout.obj
 0001:00006b9c       ?do_length@?$codecvt@DDU_Mbstatet@@@std@@MEBAHAEAU_Mbstatet@@PEBD1_K@Z 0000000180007b9c f i libcpmt:cout.obj
 0001:00006bb0       ?do_widen@?$ctype@D@std@@MEBADD@Z 0000000180007bb0 f i libcpmt:cout.obj
 0001:00006bb0       ?do_narrow@?$ctype@D@std@@MEBADDD@Z 0000000180007bb0 f i libcpmt:cout.obj
 0001:00006bb4       ?do_narrow@?$ctype@D@std@@MEBAPEBDPEBD0DPEAD@Z 0000000180007bb4 f i libcpmt:cout.obj
 0001:00006bd4       ?do_tolower@?$ctype@D@std@@MEBADD@Z 0000000180007bd4 f i libcpmt:cout.obj
 0001:00006be4       ?do_tolower@?$ctype@D@std@@MEBAPEBDPEADPEBD@Z 0000000180007be4 f i libcpmt:cout.obj
 0001:00006c44       ?do_toupper@?$ctype@D@std@@MEBADD@Z 0000000180007c44 f i libcpmt:cout.obj
 0001:00006c54       ?do_toupper@?$ctype@D@std@@MEBAPEBDPEADPEBD@Z 0000000180007c54 f i libcpmt:cout.obj
 0001:00006cb4       ?do_unshift@?$codecvt@DDU_Mbstatet@@@std@@MEBAHAEAU_Mbstatet@@PEAD1AEAPEAD@Z 0000000180007cb4 f i libcpmt:cout.obj
 0001:00006cc0       ?do_widen@?$ctype@D@std@@MEBAPEBDPEBD0PEAD@Z 0000000180007cc0 f i libcpmt:cout.obj
 0001:00006ce0       ?getloc@ios_base@std@@QEBA?AVlocale@2@XZ 0000000180007ce0 f i libcpmt:cout.obj
 0001:00006d38       ?imbue@?$basic_filebuf@DU?$char_traits@D@std@@@std@@MEAAXAEBVlocale@2@@Z 0000000180007d38 f i libcpmt:cout.obj
 0001:00006d5c       ?overflow@?$basic_filebuf@DU?$char_traits@D@std@@@std@@MEAAHH@Z 0000000180007d5c f i libcpmt:cout.obj
 0001:00006fbc       ?pbackfail@?$basic_filebuf@DU?$char_traits@D@std@@@std@@MEAAHH@Z 0000000180007fbc f i libcpmt:cout.obj
 0001:0000708c       ?pbackfail@?$basic_streambuf@DU?$char_traits@D@std@@@std@@MEAAHH@Z 000000018000808c f i libcpmt:cout.obj
 0001:0000708c       ?underflow@?$basic_streambuf@DU?$char_traits@D@std@@@std@@MEAAHXZ 000000018000808c f i libcpmt:cout.obj
 0001:0000708c       ?overflow@?$basic_streambuf@DU?$char_traits@D@std@@@std@@MEAAHH@Z 000000018000808c f i libcpmt:cout.obj
 0001:00007090       ?seekoff@?$basic_filebuf@DU?$char_traits@D@std@@@std@@MEAA?AV?$fpos@U_Mbstatet@@@2@_JHH@Z 0000000180008090 f i libcpmt:cout.obj
 0001:0000717c       ?seekpos@?$basic_streambuf@DU?$char_traits@D@std@@@std@@MEAA?AV?$fpos@U_Mbstatet@@@2@V32@H@Z 000000018000817c f i libcpmt:cout.obj
 0001:0000717c       ?seekoff@?$basic_streambuf@DU?$char_traits@D@std@@@std@@MEAA?AV?$fpos@U_Mbstatet@@@2@_JHH@Z 000000018000817c f i libcpmt:cout.obj
 0001:00007198       ?seekpos@?$basic_filebuf@DU?$char_traits@D@std@@@std@@MEAA?AV?$fpos@U_Mbstatet@@@2@V32@H@Z 0000000180008198 f i libcpmt:cout.obj
 0001:00007298       ?setbuf@?$basic_filebuf@DU?$char_traits@D@std@@@std@@MEAAPEAV?$basic_streambuf@DU?$char_traits@D@std@@@2@PEAD_J@Z 0000000180008298 f i libcpmt:cout.obj
 0001:000072ec       ?setbuf@?$basic_streambuf@DU?$char_traits@D@std@@@std@@MEAAPEAV12@PEAD_J@Z 00000001800082ec f i libcpmt:cout.obj
 0001:000072f0       ?sync@?$basic_filebuf@DU?$char_traits@D@std@@@std@@MEAAHXZ 00000001800082f0 f i libcpmt:cout.obj
 0001:00007350       ?showmanyc@?$basic_streambuf@DU?$char_traits@D@std@@@std@@MEAA_JXZ 0000000180008350 f i libcpmt:cout.obj
 0001:00007350       ?sync@?$basic_streambuf@DU?$char_traits@D@std@@@std@@MEAAHXZ 0000000180008350 f i libcpmt:cout.obj
 0001:00007354       ?uflow@?$basic_filebuf@DU?$char_traits@D@std@@@std@@MEAAHXZ 0000000180008354 f i libcpmt:cout.obj
 0001:000075ec       ?uflow@?$basic_streambuf@DU?$char_traits@D@std@@@std@@MEAAHXZ 00000001800085ec f i libcpmt:cout.obj
 0001:00007638       ?underflow@?$basic_filebuf@DU?$char_traits@D@std@@@std@@MEAAHXZ 0000000180008638 f i libcpmt:cout.obj
 0001:000076b0       ?what@exception@std@@UEBAPEBDXZ 00000001800086b0 f i libcpmt:cout.obj
 0001:000076c4       ?widen@?$basic_ios@DU?$char_traits@D@std@@@std@@QEBADD@Z 00000001800086c4 f i libcpmt:cout.obj
 0001:00007764       ?xsgetn@?$basic_streambuf@DU?$char_traits@D@std@@@std@@MEAA_JPEAD_J@Z 0000000180008764 f i libcpmt:cout.obj
 0001:00007824       ?xsputn@?$basic_streambuf@DU?$char_traits@D@std@@@std@@MEAA_JPEBD_J@Z 0000000180008824 f i libcpmt:cout.obj
 0001:000078e8       ??0bad_alloc@std@@QEAA@AEBV01@@Z 00000001800088e8 f i libcpmt:xthrow.obj
 0001:00007928       ??0bad_alloc@std@@QEAA@XZ  0000000180008928 f i libcpmt:xthrow.obj
 0001:00007948       ??0length_error@std@@QEAA@AEBV01@@Z 0000000180008948 f i libcpmt:xthrow.obj
 0001:00007988       ??0length_error@std@@QEAA@PEBD@Z 0000000180008988 f i libcpmt:xthrow.obj
 0001:000079d4       ??0logic_error@std@@QEAA@AEBV01@@Z 00000001800089d4 f i libcpmt:xthrow.obj
 0001:00007a14       ??0out_of_range@std@@QEAA@AEBV01@@Z 0000000180008a14 f i libcpmt:xthrow.obj
 0001:00007a54       ??0out_of_range@std@@QEAA@PEBD@Z 0000000180008a54 f i libcpmt:xthrow.obj
 0001:00007aa0       ??_Elength_error@std@@UEAAPEAXI@Z 0000000180008aa0 f i libcpmt:xthrow.obj
 0001:00007aa0       ??_Gbad_alloc@std@@UEAAPEAXI@Z 0000000180008aa0 f i libcpmt:xthrow.obj
 0001:00007aa0       ??_Gbad_exception@std@@UEAAPEAXI@Z 0000000180008aa0 f i libvcruntime:frame.obj
 0001:00007aa0       ??_Gbad_array_new_length@std@@UEAAPEAXI@Z 0000000180008aa0 f i LIBCMT:throw_bad_alloc.obj
 0001:00007aa0       ??_Ebad_alloc@std@@UEAAPEAXI@Z 0000000180008aa0 f i libcpmt:xthrow.obj
 0001:00007aa0       ??_Eout_of_range@std@@UEAAPEAXI@Z 0000000180008aa0 f i libcpmt:xthrow.obj
 0001:00007aa0       ??_Ebad_array_new_length@std@@UEAAPEAXI@Z 0000000180008aa0 f i LIBCMT:throw_bad_alloc.obj
 0001:00007aa0       ??_Elogic_error@std@@UEAAPEAXI@Z 0000000180008aa0 f i libcpmt:xthrow.obj
 0001:00007aa0       ??_Ebad_exception@std@@UEAAPEAXI@Z 0000000180008aa0 f i libvcruntime:frame.obj
 0001:00007aa0       ??_Gout_of_range@std@@UEAAPEAXI@Z 0000000180008aa0 f i libcpmt:xthrow.obj
 0001:00007aa0       ??_Ebad_cast@std@@UEAAPEAXI@Z 0000000180008aa0 f i libcpmt:cout.obj
 0001:00007aa0       ??_Eexception@std@@UEAAPEAXI@Z 0000000180008aa0 f i libcpmt:cout.obj
 0001:00007aa0       ??_Glogic_error@std@@UEAAPEAXI@Z 0000000180008aa0 f i libcpmt:xthrow.obj
 0001:00007aa0       ??_Gbad_cast@std@@UEAAPEAXI@Z 0000000180008aa0 f i libcpmt:cout.obj
 0001:00007aa0       ??_Gexception@std@@UEAAPEAXI@Z 0000000180008aa0 f i libcpmt:cout.obj
 0001:00007aa0       ??_Glength_error@std@@UEAAPEAXI@Z 0000000180008aa0 f i libcpmt:xthrow.obj
 0001:00007ae4       ?_Xlength_error@std@@YAXPEBD@Z 0000000180008ae4 f   libcpmt:xthrow.obj
 0001:00007b08       ?_Xout_of_range@std@@YAXPEBD@Z 0000000180008b08 f   libcpmt:xthrow.obj
 0001:00007b2c       ?_Syserror_map@std@@YAPEBDH@Z 0000000180008b2c f   libcpmt:syserror.obj
 0001:00007b54       ??0_Init_locks@std@@QEAA@XZ 0000000180008b54 f   libcpmt:xlock.obj
 0001:00007ba0       ??0_Lockit@std@@QEAA@H@Z   0000000180008ba0 f   libcpmt:xlock.obj
 0001:00007bdc       ??1_Init_locks@std@@QEAA@XZ 0000000180008bdc f   libcpmt:xlock.obj
 0001:00007c20       ??1_Lockit@std@@QEAA@XZ    0000000180008c20 f   libcpmt:xlock.obj
 0001:00007c54       _Getctype                  0000000180008c54 f   libcpmt:_tolower.obj
 0001:00007d14       _Tolower                   0000000180008d14 f   libcpmt:_tolower.obj
 0001:00007e3c       _Toupper                   0000000180008e3c f   libcpmt:_toupper.obj
 0001:00007f74       ??4?$_Yarn@D@std@@QEAAAEAV01@PEBD@Z 0000000180008f74 f i libcpmt:locale0.obj
 0001:00007fec       ??_G_Fac_node@std@@QEAAPEAXI@Z 0000000180008fec f i libcpmt:locale0.obj
 0001:00008078       ??_G_Locimp@locale@std@@MEAAPEAXI@Z 0000000180009078 f i libcpmt:locale0.obj
 0001:00008078       ??_E_Locimp@locale@std@@MEAAPEAXI@Z 0000000180009078 f i libcpmt:locale0.obj
 0001:000080e4       ?_Facet_Register@std@@YAXPEAV_Facet_base@1@@Z 00000001800090e4 f   libcpmt:locale0.obj
 0001:0000811c       ?_Getgloballocale@locale@std@@CAPEAV_Locimp@12@XZ 000000018000911c f   libcpmt:locale0.obj
 0001:00008124       ?_Init@locale@std@@CAPEAV_Locimp@12@_N@Z 0000000180009124 f   libcpmt:locale0.obj
 0001:000081e0       ?_Locimp_dtor@_Locimp@locale@std@@CAXPEAV123@@Z 00000001800091e0 f   libcpmt:locale0.obj
 0001:00008288       ?_Locinfo_ctor@_Locinfo@std@@SAXPEAV12@PEBD@Z 0000000180009288 f   libcpmt:locale0.obj
 0001:000082f4       ?_Locinfo_dtor@_Locinfo@std@@SAXPEAV12@@Z 00000001800092f4 f   libcpmt:locale0.obj
 0001:00008318       ?_New_Locimp@_Locimp@locale@std@@CAPEAV123@_N@Z 0000000180009318 f   libcpmt:locale0.obj
 0001:00008388       ?_Setgloballocale@locale@std@@CAXPEAX@Z 0000000180009388 f   libcpmt:locale0.obj
 0001:000083bc       _Deletegloballocale        00000001800093bc f   libcpmt:locale0.obj
 0001:00008444       ?_Addstd@ios_base@std@@SAXPEAV12@@Z 0000000180009444 f   libcpmt:ios.obj
 0001:000084b4       ?_Ios_base_dtor@ios_base@std@@CAXPEAV12@@Z 00000001800094b4 f   libcpmt:ios.obj
 0001:000084f8       ?_Tidy@ios_base@std@@AEAAXXZ 00000001800094f8 f i libcpmt:ios.obj
 0001:00008588       ?_Atexit@@YAXP6AXXZ@Z      0000000180009588 f   libcpmt:iosptrs.obj
 0001:000085c8       _Mtxdst                    00000001800095c8 f   libcpmt:xmtx.obj
 0001:000085d0       _Mtxinit                   00000001800095d0 f   libcpmt:xmtx.obj
 0001:000085e0       _Mtxlock                   00000001800095e0 f   libcpmt:xmtx.obj
 0001:000085e8       _Mtxunlock                 00000001800095e8 f   libcpmt:xmtx.obj
 0001:000085f0       __crtLCMapStringA          00000001800095f0 f   libcpmt:StlLCMapStringA.obj
 0001:00008dac       __crtInitializeCriticalSectionEx 0000000180009dac f   libcpmt:winapisupp.obj
 0001:00008e0c       GetTableIndexFromLocaleName 0000000180009e0c f   libcpmt:winapinls.obj
 0001:00008e98       __crtDownlevelLocaleNameToLCID 0000000180009e98 f   libcpmt:winapinls.obj
 0001:00008ecc       __crtLCMapStringEx         0000000180009ecc f   libcpmt:winapinls.obj
 0001:00008f88       __wcsnicmp_ascii           0000000180009f88 f   libcpmt:winapinls.obj
 0001:00008ff0       __security_check_cookie    0000000180009ff0 f   LIBCMT:_amdsecgs_.obj
 0001:0000915c       _Init_thread_footer        000000018000a15c f   LIBCMT:thread_safe_statics.obj
 0001:000091bc       _Init_thread_header        000000018000a1bc f   LIBCMT:thread_safe_statics.obj
 0001:00009224       _Init_thread_notify        000000018000a224 f   LIBCMT:thread_safe_statics.obj
 0001:00009280       _Init_thread_wait          000000018000a280 f   LIBCMT:thread_safe_statics.obj
 0001:00009318       ??2@YAPEAX_K@Z             000000018000a318 f   LIBCMT:new_scalar.obj
 0001:00009354       ??2@YAPEAX_KAEBUnothrow_t@std@@@Z 000000018000a354 f   LIBCMT:new_scalar_nothrow.obj
 0001:00009374       __scrt_acquire_startup_lock 000000018000a374 f   LIBCMT:utility.obj
 0001:000093b0       __scrt_dllmain_after_initialize_c 000000018000a3b0 f   LIBCMT:utility.obj
 0001:000093e4       __scrt_dllmain_before_initialize_c 000000018000a3e4 f   LIBCMT:utility.obj
 0001:000093fc       __scrt_dllmain_crt_thread_attach 000000018000a3fc f   LIBCMT:utility.obj
 0001:00009424       __scrt_dllmain_crt_thread_detach 000000018000a424 f   LIBCMT:utility.obj
 0001:0000943c       __scrt_dllmain_exception_filter 000000018000a43c f   LIBCMT:utility.obj
 0001:000094a0       __scrt_dllmain_uninitialize_c 000000018000a4a0 f   LIBCMT:utility.obj
 0001:000094d0       __scrt_dllmain_uninitialize_critical 000000018000a4d0 f   LIBCMT:utility.obj
 0001:000094e4       __scrt_initialize_crt      000000018000a4e4 f   LIBCMT:utility.obj
 0001:00009530       __scrt_initialize_onexit_tables 000000018000a530 f   LIBCMT:utility.obj
 0001:000095fc       __scrt_is_nonwritable_in_current_image 000000018000a5fc f   LIBCMT:utility.obj
 0001:00009698       __scrt_release_startup_lock 000000018000a698 f   LIBCMT:utility.obj
 0001:000096bc       __scrt_uninitialize_crt    000000018000a6bc f   LIBCMT:utility.obj
 0001:000096e8       _onexit                    000000018000a6e8 f   LIBCMT:utility.obj
 0001:00009738       atexit                     000000018000a738 f   LIBCMT:utility.obj
 0001:00009750       ??3@YAXPEAX@Z              000000018000a750 f   LIBCMT:delete_scalar.obj
 0001:00009758       ??3@YAXPEAX_K@Z            000000018000a758 f   LIBCMT:delete_scalar_size.obj
 0001:00009758       ??_V@YAXPEAX@Z             000000018000a758 f   LIBCMT:delete_array.obj
 0001:00009760       ??_U@YAPEAX_KAEBUnothrow_t@std@@@Z 000000018000a760 f   LIBCMT:new_array_nothrow.obj
 0001:00009ab4       _DllMainCRTStartup         000000018000aab4 f   LIBCMT:dll_dllmain.obj
 0001:00009af4       __GSHandlerCheck           000000018000aaf4 f   LIBCMT:_gshandler_.obj
 0001:00009b14       __GSHandlerCheckCommon     000000018000ab14 f   LIBCMT:_gshandler_.obj
 0001:00009b70       __GSHandlerCheck_EH        000000018000ab70 f   LIBCMT:gshandlereh.obj
 0001:00009bf0       _guard_check_icall         000000018000abf0 f i LIBCMT:checkcfg.obj
 0001:00009bf8       ??_Gtype_info@@UEAAPEAXI@Z 000000018000abf8 f i LIBCMT:std_type_info_static.obj
 0001:00009bf8       ??_Etype_info@@UEAAPEAXI@Z 000000018000abf8 f i LIBCMT:std_type_info_static.obj
 0001:00009c40       __chkstk                   000000018000ac40 f   LIBCMT:_chkstk_.obj
 0001:00009c40       _alloca_probe              000000018000ac40 f   LIBCMT:_chkstk_.obj
 0001:00009c94       __raise_securityfailure    000000018000ac94 f   LIBCMT:gs_report.obj
 0001:00009cc8       __report_gsfailure         000000018000acc8 f   LIBCMT:gs_report.obj
 0001:00009d9c       __report_rangecheckfailure 000000018000ad9c f   LIBCMT:gs_report.obj
 0001:00009db0       __report_securityfailure   000000018000adb0 f   LIBCMT:gs_report.obj
 0001:00009f30       __crt_debugger_hook        000000018000af30 f   LIBCMT:utility_desktop.obj
 0001:00009f38       __scrt_fastfail            000000018000af38 f   LIBCMT:utility_desktop.obj
 0001:0000a080       ??0bad_array_new_length@std@@QEAA@AEBV01@@Z 000000018000b080 f i LIBCMT:throw_bad_alloc.obj
 0001:0000a0c0       ??0bad_array_new_length@std@@QEAA@XZ 000000018000b0c0 f i LIBCMT:throw_bad_alloc.obj
 0001:0000a0e0       ?_Xbad_alloc@std@@YAXXZ    000000018000b0e0 f   libcpmt:xthrow.obj
 0001:0000a0e0       ?__scrt_throw_std_bad_alloc@@YAXXZ 000000018000b0e0 f   LIBCMT:throw_bad_alloc.obj
 0001:0000a100       ?__scrt_throw_std_bad_array_new_length@@YAXXZ 000000018000b100 f   LIBCMT:throw_bad_alloc.obj
 0001:0000a120       __isa_available_init       000000018000b120 f   LIBCMT:_cpu_disp_.obj
 0001:0000a2e8       __scrt_is_ucrt_dll_in_use  000000018000b2e8 f   LIBCMT:ucrt_detection.obj
 0001:0000a2f4       __security_init_cookie     000000018000b2f4 f   LIBCMT:gs_support.obj
 0001:0000a3a0       DllMain                    000000018000b3a0 f   LIBCMT:dll_dllmain_stub.obj
 0001:0000a3a0       ?do_encoding@codecvt_base@std@@MEBAHXZ 000000018000b3a0 f   libcpmt:cout.obj
 0001:0000a3a0       ?do_max_length@codecvt_base@std@@MEBAHXZ 000000018000b3a0 f   libcpmt:cout.obj
 0001:0000a3a0       _get_startup_argv_mode     000000018000b3a0 f   LIBCMT:argv_mode.obj
 0001:0000a3a8       ?__scrt_initialize_type_info@@YAXXZ 000000018000b3a8 f   LIBCMT:tncleanup.obj
 0001:0000a3b8       ?__scrt_uninitialize_type_info@@YAXXZ 000000018000b3b8 f   LIBCMT:tncleanup.obj
 0001:0000a3c4       __local_stdio_scanf_options 000000018000b3c4 f i LIBCMT:default_local_stdio_options.obj
 0001:0000a3cc       __scrt_initialize_default_local_stdio_options 000000018000b3cc f   LIBCMT:default_local_stdio_options.obj
 0001:0000a3e8       __scrt_get_dyn_tls_init_callback 000000018000b3e8 f   LIBCMT:dyn_tls_init.obj
 0001:0000a3f0       _RTC_Initialize            000000018000b3f0 f   LIBCMT:_initsect_.obj
 0001:0000a43c       _RTC_Terminate             000000018000b43c f   LIBCMT:_initsect_.obj
 0001:0000a4a0       memmove                    000000018000b4a0 f   libvcruntime:memcpy.obj
 0001:0000a4a0       memcpy                     000000018000b4a0 f   libvcruntime:memcpy.obj
 0001:0000a8d8       _purecall                  000000018000b8d8 f   libvcruntime:purevirt.obj
 0001:0000a914       __DestructExceptionObject  000000018000b914 f   libvcruntime:frame.obj
 0001:0000a99c       ??0bad_exception@std@@QEAA@AEBV01@@Z 000000018000b99c f i libvcruntime:frame.obj
 0001:0000a9dc       ??0bad_exception@std@@QEAA@XZ 000000018000b9dc f i libvcruntime:frame.obj
 0001:0000b358       ?_CallMemberFunction0@@YAXPEAXP6AX0@Z@Z 000000018000c358 f i libvcruntime:frame.obj
 0001:0000b35c       ?_CallMemberFunction1@@YAXPEAXP6AX0@Z0@Z 000000018000c35c f i libvcruntime:frame.obj
 0001:0000b368       ?_CallMemberFunction2@@YAXPEAXP6AX0@Z0H@Z 000000018000c368 f i libvcruntime:frame.obj
 0001:0000b378       __AdjustPointer            000000018000c378 f   libvcruntime:frame.obj
 0001:0000b39c       __BuildCatchObject         000000018000c39c f   libvcruntime:frame.obj
 0001:0000b460       __BuildCatchObjectHelper   000000018000c460 f   libvcruntime:frame.obj
 0001:0000b640       __CxxCallCatchBlock        000000018000c640 f   libvcruntime:frame.obj
 0001:0000b82c       __FrameUnwindFilter        000000018000c82c f   libvcruntime:frame.obj
 0001:0000b878       __FrameUnwindToState       000000018000c878 f   libvcruntime:frame.obj
 0001:0000ba0c       __InternalCxxFrameHandler  000000018000ca0c f   libvcruntime:frame.obj
 0001:0000bc64       __TypeMatch                000000018000cc64 f   libvcruntime:frame.obj
 0001:0000bda4       __std_terminate            000000018000cda4 f   libvcruntime:frame.obj
 0001:0000bdb0       __std_exception_copy       000000018000cdb0 f   libvcruntime:std_exception.obj
 0001:0000be40       __std_exception_destroy    000000018000ce40 f   libvcruntime:std_exception.obj
 0001:0000be68       _CxxThrowException         000000018000ce68 f   libvcruntime:throw.obj
 0001:0000bf40       ?_ExecutionInCatch@@YAHPEAU_xDISPATCHER_CONTEXT@@PEBU_s_FuncInfo@@@Z 000000018000cf40 f   libvcruntime:trnsctrl.obj
 0001:0000bfb4       ?_GetEstablisherFrame@@YAPEA_KPEA_KPEAU_xDISPATCHER_CONTEXT@@PEBU_s_FuncInfo@@0@Z 000000018000cfb4 f   libvcruntime:trnsctrl.obj
 0001:0000c080       ?_GetRangeOfTrysToCheck@@YAPEBU_s_TryBlockMapEntry@@PEA_KPEBU_s_FuncInfo@@HHPEAI2PEAU_xDISPATCHER_CONTEXT@@@Z 000000018000d080 f   libvcruntime:trnsctrl.obj
 0001:0000c1ac       ?__FrameUnwindToEmptyState@@YAXPEA_KPEAU_xDISPATCHER_CONTEXT@@PEBU_s_FuncInfo@@@Z 000000018000d1ac f   libvcruntime:trnsctrl.obj
 0001:0000c240       ?__SehTransFilter@@YAHPEAU_EXCEPTION_POINTERS@@PEAUEHExceptionRecord@@PEA_KPEAU_CONTEXT@@PEAU_xDISPATCHER_CONTEXT@@PEBU_s_FuncInfo@@PEAH@Z 000000018000d240 f   libvcruntime:trnsctrl.obj
 0001:0000c2d8       _CallSETranslator          000000018000d2d8 f   libvcruntime:trnsctrl.obj
 0001:0000c330       _CreateFrameInfo           000000018000d330 f   libvcruntime:trnsctrl.obj
 0001:0000c36c       _FindAndUnlinkFrame        000000018000d36c f   libvcruntime:trnsctrl.obj
 0001:0000c3c4       _GetImageBase              000000018000d3c4 f   libvcruntime:trnsctrl.obj
 0001:0000c3d8       _GetThrowImageBase         000000018000d3d8 f   libvcruntime:trnsctrl.obj
 0001:0000c3ec       _IsExceptionObjectToBeDestroyed 000000018000d3ec f   libvcruntime:trnsctrl.obj
 0001:0000c41c       _SetImageBase              000000018000d41c f   libvcruntime:trnsctrl.obj
 0001:0000c434       _SetThrowImageBase         000000018000d434 f   libvcruntime:trnsctrl.obj
 0001:0000c44c       _UnwindNestedFrames        000000018000d44c f   libvcruntime:trnsctrl.obj
 0001:0000c570       __CxxFrameHandler3         000000018000d570 f   libvcruntime:trnsctrl.obj
 0001:0000c600       memset                     000000018000d600 f   libvcruntime:memset.obj
 0001:0000c7b0       memcmp                     000000018000d7b0 f   libvcruntime:memcmp.obj
 0001:0000ca40       __vcrt_FlsAlloc            000000018000da40 f   libvcruntime:winapi_downlevel.obj
 0001:0000ca94       __vcrt_FlsFree             000000018000da94 f   libvcruntime:winapi_downlevel.obj
 0001:0000cae8       __vcrt_FlsGetValue         000000018000dae8 f   libvcruntime:winapi_downlevel.obj
 0001:0000cb3c       __vcrt_FlsSetValue         000000018000db3c f   libvcruntime:winapi_downlevel.obj
 0001:0000cba4       __vcrt_InitializeCriticalSectionEx 000000018000dba4 f   libvcruntime:winapi_downlevel.obj
 0001:0000cc1c       __vcrt_initialize_winapi_thunks 000000018000dc1c f   libvcruntime:winapi_downlevel.obj
 0001:0000cc68       __vcrt_uninitialize_winapi_thunks 000000018000dc68 f   libvcruntime:winapi_downlevel.obj
 0001:0000cca8       __vcrt_initialize          000000018000dca8 f   libvcruntime:initialization.obj
 0001:0000ccdc       __vcrt_thread_attach       000000018000dcdc f   libvcruntime:initialization.obj
 0001:0000ccf0       __vcrt_thread_detach       000000018000dcf0 f   libvcruntime:initialization.obj
 0001:0000cd04       __vcrt_uninitialize        000000018000dd04 f   libvcruntime:initialization.obj
 0001:0000cd24       __vcrt_uninitialize_critical 000000018000dd24 f   libvcruntime:initialization.obj
 0001:0000cd34       __C_specific_handler       000000018000dd34 f   libvcruntime:_chandler_.obj
 0001:0000cf30       __std_type_info_compare    000000018000df30 f   libvcruntime:std_type_info.obj
 0001:0000cf58       __std_type_info_destroy_list 000000018000df58 f   libvcruntime:std_type_info.obj
 0001:0000cf84       __vcrt_initialize_pure_virtual_call_handler 000000018000df84 f   libvcruntime:purevirt_data.obj
 0001:0000cfa8       __vcrt_freefls             000000018000dfa8 f   libvcruntime:per_thread_data.obj
 0001:0000cfc8       __vcrt_freeptd             000000018000dfc8 f   libvcruntime:per_thread_data.obj
 0001:0000d018       __vcrt_getptd              000000018000e018 f   libvcruntime:per_thread_data.obj
 0001:0000d034       __vcrt_getptd_noexit       000000018000e034 f   libvcruntime:per_thread_data.obj
 0001:0000d0ec       __vcrt_initialize_ptd      000000018000e0ec f   libvcruntime:per_thread_data.obj
 0001:0000d12c       __vcrt_uninitialize_ptd    000000018000e12c f   libvcruntime:per_thread_data.obj
 0001:0000d150       ?__GetCurrentState@@YAHPEA_KPEAU_xDISPATCHER_CONTEXT@@PEBU_s_FuncInfo@@@Z 000000018000e150 f   libvcruntime:ehstate.obj
 0001:0000d178       ?__GetUnwindTryBlock@@YAHPEA_KPEAU_xDISPATCHER_CONTEXT@@PEBU_s_FuncInfo@@@Z 000000018000e178 f   libvcruntime:ehstate.obj
 0001:0000d1a4       ?__SetState@@YAXPEA_KPEAU_xDISPATCHER_CONTEXT@@PEBU_s_FuncInfo@@H@Z 000000018000e1a4 f   libvcruntime:ehstate.obj
 0001:0000d1b0       ?__SetUnwindTryBlock@@YAXPEA_KPEAU_xDISPATCHER_CONTEXT@@PEBU_s_FuncInfo@@H@Z 000000018000e1b0 f   libvcruntime:ehstate.obj
 0001:0000d1ec       ?__StateFromControlPc@@YAHPEBU_s_FuncInfo@@PEAU_xDISPATCHER_CONTEXT@@@Z 000000018000e1ec f   libvcruntime:ehstate.obj
 0001:0000d1f4       ?__StateFromIp@@YAHPEBU_s_FuncInfo@@PEAU_xDISPATCHER_CONTEXT@@_J@Z 000000018000e1f4 f   libvcruntime:ehstate.obj
 0001:0000d270       _CallSettingFrame          000000018000e270 f   libvcruntime:handlers.obj
 0001:0000d2c0       _local_unwind              000000018000e2c0 f   libvcruntime:_jmpuwind_.obj
 0001:0000d2f0       _NLG_Notify                000000018000e2f0 f   libvcruntime:_jmpuwind_.obj
 0001:0000d310       __NLG_Dispatch2            000000018000e310 f   libvcruntime:_jmpuwind_.obj
 0001:0000d320       __NLG_Return2              000000018000e320 f   libvcruntime:_jmpuwind_.obj
 0001:0000d324       __vcrt_initialize_locks    000000018000e324 f   libvcruntime:locks.obj
 0001:0000d36c       __vcrt_uninitialize_locks  000000018000e36c f   libvcruntime:locks.obj
 0001:0000d3a4       wcsnlen                    000000018000e3a4 f   libucrt:strnlen.obj
 0001:0000d594       __acrt_initialize_stdio    000000018000e594 f   libucrt:_file.obj
 0001:0000d6b4       __acrt_iob_func            000000018000e6b4 f   libucrt:_file.obj
 0001:0000d6c8       __acrt_uninitialize_stdio  000000018000e6c8 f   libucrt:_file.obj
 0001:0000d724       _get_stream_buffer_pointers 000000018000e724 f   libucrt:_file.obj
 0001:0000d76c       _lock_file                 000000018000e76c f   libucrt:_file.obj
 0001:0000d778       _unlock_file               000000018000e778 f   libucrt:_file.obj
 0001:0000d784       __acrt_call_reportfault    000000018000e784 f   libucrt:invalid_parameter.obj
 0001:0000d8e0       __acrt_initialize_invalid_parameter_handler 000000018000e8e0 f   libucrt:invalid_parameter.obj
 0001:0000d8e8       _invalid_parameter         000000018000e8e8 f   libucrt:invalid_parameter.obj
 0001:0000d990       _invalid_parameter_noinfo  000000018000e990 f   libucrt:invalid_parameter.obj
 0001:0000d9b0       _invalid_parameter_noinfo_noreturn 000000018000e9b0 f   libucrt:invalid_parameter.obj
 0001:0000d9e0       _invoke_watson             000000018000e9e0 f   libucrt:invalid_parameter.obj
 0001:0000dcc4       _wsplitpath_s              000000018000ecc4 f   libucrt:splitpath.obj
 0001:0000dd28       ??$is_overflow_condition@K@__crt_strtox@@YA_NIK@Z 000000018000ed28 f i libucrt:atox.obj
 0001:0000dd54       ??$parse_integer@KV?$c_string_character_source@_W@__crt_strtox@@@__crt_strtox@@YAKQEAU__crt_locale_pointers@@V?$c_string_character_source@_W@0@H_N@Z 000000018000ed54 f i libucrt:atox.obj
 0001:0000e428       ??0_LocaleUpdate@@QEAA@QEAU__crt_locale_pointers@@@Z 000000018000f428 f i libucrt:atox.obj
 0001:0000e4b8       _wtol                      000000018000f4b8 f   libucrt:atox.obj
 0001:0000e4e4       ??$?RV<lambda_7b91131dde12e1c3dfc74ff76b3f2eac>@@AEAV<lambda_dd75445284c072d0bd3768540cc698fa>@@V<lambda_16bc4ecb55b4718497c16bceaea2ceaf>@@@?$__crt_seh_guarded_call@H@@QEAAH$$QEAV<lambda_7b91131dde12e1c3dfc74ff76b3f2eac>@@AEAV<lambda_dd75445284c072d0bd3768540cc698fa>@@$$QEAV<lambda_16bc4ecb55b4718497c16bceaea2ceaf>@@@Z 000000018000f4e4 f i libucrt:output.obj
 0001:0000e524       ??$ensure_buffer_is_big_enough@D@formatting_buffer@__crt_stdio_output@@QEAA_N_K@Z 000000018000f524 f i libucrt:output.obj
 0001:0000e5d0       ??$is_wide_character_specifier@_W@__crt_stdio_output@@YA_N_K_WW4length_modifier@0@@Z 000000018000f5d0 f i libucrt:output.obj
 0001:0000e614       ??$type_case_integer_parse_into_buffer@I@?$output_processor@_WV?$string_output_adapter@_W@__crt_stdio_output@@V?$standard_base@_WV?$string_output_adapter@_W@__crt_stdio_output@@@2@@__crt_stdio_output@@AEAAXII_N@Z 000000018000f614 f i libucrt:output.obj
 0001:0000e614       ??$type_case_integer_parse_into_buffer@I@?$output_processor@_WV?$stream_output_adapter@_W@__crt_stdio_output@@V?$standard_base@_WV?$stream_output_adapter@_W@__crt_stdio_output@@@2@@__crt_stdio_output@@AEAAXII_N@Z 000000018000f614 f i libucrt:output.obj
 0001:0000e6b0       ??$type_case_integer_parse_into_buffer@_K@?$output_processor@_WV?$stream_output_adapter@_W@__crt_stdio_output@@V?$standard_base@_WV?$stream_output_adapter@_W@__crt_stdio_output@@@2@@__crt_stdio_output@@AEAAX_KI_N@Z 000000018000f6b0 f i libucrt:output.obj
 0001:0000e6b0       ??$type_case_integer_parse_into_buffer@_K@?$output_processor@_WV?$string_output_adapter@_W@__crt_stdio_output@@V?$standard_base@_WV?$string_output_adapter@_W@__crt_stdio_output@@@2@@__crt_stdio_output@@AEAAX_KI_N@Z 000000018000f6b0 f i libucrt:output.obj
 0001:0000e74c       ??$write_multiple_characters@V?$stream_output_adapter@_W@__crt_stdio_output@@D@__crt_stdio_output@@YAXAEBV?$stream_output_adapter@_W@0@DHQEAH@Z 000000018000f74c f i libucrt:output.obj
 0001:0000e7dc       ??$write_multiple_characters@V?$string_output_adapter@_W@__crt_stdio_output@@D@__crt_stdio_output@@YAXAEBV?$string_output_adapter@_W@0@DHQEAH@Z 000000018000f7dc f i libucrt:output.obj
 0001:0000e84c       ??0?$output_processor@_WV?$stream_output_adapter@_W@__crt_stdio_output@@V?$standard_base@_WV?$stream_output_adapter@_W@__crt_stdio_output@@@2@@__crt_stdio_output@@QEAA@AEBV?$stream_output_adapter@_W@1@_KQEB_WQEAU__crt_locale_pointers@@QEAD@Z 000000018000f84c f i libucrt:output.obj
 0001:0000e84c       ??0?$output_processor@_WV?$string_output_adapter@_W@__crt_stdio_output@@V?$standard_base@_WV?$string_output_adapter@_W@__crt_stdio_output@@@2@@__crt_stdio_output@@QEAA@AEBV?$string_output_adapter@_W@1@_KQEB_WQEAU__crt_locale_pointers@@QEAD@Z 000000018000f84c f i libucrt:output.obj
 0001:0000e9bc       ?force_decimal_point@__crt_stdio_output@@YAXPEADQEAU__crt_locale_pointers@@@Z 000000018000f9bc f i libucrt:output.obj
 0001:0000ea2c       ?parse_int_from_format_string@?$output_processor@_WV?$stream_output_adapter@_W@__crt_stdio_output@@V?$standard_base@_WV?$stream_output_adapter@_W@__crt_stdio_output@@@2@@__crt_stdio_output@@AEAA_NQEAH@Z 000000018000fa2c f i libucrt:output.obj
 0001:0000ea2c       ?parse_int_from_format_string@?$output_processor@_WV?$string_output_adapter@_W@__crt_stdio_output@@V?$standard_base@_WV?$string_output_adapter@_W@__crt_stdio_output@@@2@@__crt_stdio_output@@AEAA_NQEAH@Z 000000018000fa2c f i libucrt:output.obj
 0001:0000eaac       ?process@?$output_processor@_WV?$stream_output_adapter@_W@__crt_stdio_output@@V?$standard_base@_WV?$stream_output_adapter@_W@__crt_stdio_output@@@2@@__crt_stdio_output@@QEAAHXZ 000000018000faac f i libucrt:output.obj
 0001:0000ed24       ?process@?$output_processor@_WV?$string_output_adapter@_W@__crt_stdio_output@@V?$standard_base@_WV?$string_output_adapter@_W@__crt_stdio_output@@@2@@__crt_stdio_output@@QEAAHXZ 000000018000fd24 f i libucrt:output.obj
 0001:0000efa0       ?state_case_size@?$output_processor@_WV?$stream_output_adapter@_W@__crt_stdio_output@@V?$standard_base@_WV?$stream_output_adapter@_W@__crt_stdio_output@@@2@@__crt_stdio_output@@AEAA_NXZ 000000018000ffa0 f i libucrt:output.obj
 0001:0000f144       ?state_case_size@?$output_processor@_WV?$string_output_adapter@_W@__crt_stdio_output@@V?$standard_base@_WV?$string_output_adapter@_W@__crt_stdio_output@@@2@@__crt_stdio_output@@AEAA_NXZ 0000000180010144 f i libucrt:output.obj
 0001:0000f2e8       ?state_case_type@?$output_processor@_WV?$stream_output_adapter@_W@__crt_stdio_output@@V?$standard_base@_WV?$stream_output_adapter@_W@__crt_stdio_output@@@2@@__crt_stdio_output@@AEAA_NXZ 00000001800102e8 f i libucrt:output.obj
 0001:0000f5b4       ?state_case_type@?$output_processor@_WV?$string_output_adapter@_W@__crt_stdio_output@@V?$standard_base@_WV?$string_output_adapter@_W@__crt_stdio_output@@@2@@__crt_stdio_output@@AEAA_NXZ 00000001800105b4 f i libucrt:output.obj
 0001:0000f880       ?type_case_Z@?$output_processor@_WV?$string_output_adapter@_W@__crt_stdio_output@@V?$standard_base@_WV?$string_output_adapter@_W@__crt_stdio_output@@@2@@__crt_stdio_output@@AEAA_NXZ 0000000180010880 f i libucrt:output.obj
 0001:0000f880       ?type_case_Z@?$output_processor@_WV?$stream_output_adapter@_W@__crt_stdio_output@@V?$standard_base@_WV?$stream_output_adapter@_W@__crt_stdio_output@@@2@@__crt_stdio_output@@AEAA_NXZ 0000000180010880 f i libucrt:output.obj
 0001:0000f900       ?type_case_a@?$output_processor@_WV?$stream_output_adapter@_W@__crt_stdio_output@@V?$standard_base@_WV?$stream_output_adapter@_W@__crt_stdio_output@@@2@@__crt_stdio_output@@AEAA_NXZ 0000000180010900 f i libucrt:output.obj
 0001:0000f900       ?type_case_a@?$output_processor@_WV?$string_output_adapter@_W@__crt_stdio_output@@V?$standard_base@_WV?$string_output_adapter@_W@__crt_stdio_output@@@2@@__crt_stdio_output@@AEAA_NXZ 0000000180010900 f i libucrt:output.obj
 0001:0000fb44       ?type_case_c_tchar@?$output_processor@_WV?$string_output_adapter@_W@__crt_stdio_output@@V?$standard_base@_WV?$string_output_adapter@_W@__crt_stdio_output@@@2@@__crt_stdio_output@@AEAA_N_W@Z 0000000180010b44 f i libucrt:output.obj
 0001:0000fb44       ?type_case_c_tchar@?$output_processor@_WV?$stream_output_adapter@_W@__crt_stdio_output@@V?$standard_base@_WV?$stream_output_adapter@_W@__crt_stdio_output@@@2@@__crt_stdio_output@@AEAA_N_W@Z 0000000180010b44 f i libucrt:output.obj
 0001:0000fbec       ?type_case_integer@?$output_processor@_WV?$stream_output_adapter@_W@__crt_stdio_output@@V?$standard_base@_WV?$stream_output_adapter@_W@__crt_stdio_output@@@2@@__crt_stdio_output@@AEAA_NI_N@Z 0000000180010bec f i libucrt:output.obj
 0001:0000fbec       ?type_case_integer@?$output_processor@_WV?$string_output_adapter@_W@__crt_stdio_output@@V?$standard_base@_WV?$string_output_adapter@_W@__crt_stdio_output@@@2@@__crt_stdio_output@@AEAA_NI_N@Z 0000000180010bec f i libucrt:output.obj
 0001:0000fd8c       ?type_case_n@?$output_processor@_WV?$string_output_adapter@_W@__crt_stdio_output@@V?$standard_base@_WV?$string_output_adapter@_W@__crt_stdio_output@@@2@@__crt_stdio_output@@AEAA_NXZ 0000000180010d8c f i libucrt:output.obj
 0001:0000fd8c       ?type_case_n@?$output_processor@_WV?$stream_output_adapter@_W@__crt_stdio_output@@V?$standard_base@_WV?$stream_output_adapter@_W@__crt_stdio_output@@@2@@__crt_stdio_output@@AEAA_NXZ 0000000180010d8c f i libucrt:output.obj
 0001:0000fe68       ?type_case_s@?$output_processor@_WV?$string_output_adapter@_W@__crt_stdio_output@@V?$standard_base@_WV?$string_output_adapter@_W@__crt_stdio_output@@@2@@__crt_stdio_output@@AEAA_NXZ 0000000180010e68 f i libucrt:output.obj
 0001:0000fe68       ?type_case_s@?$output_processor@_WV?$stream_output_adapter@_W@__crt_stdio_output@@V?$standard_base@_WV?$stream_output_adapter@_W@__crt_stdio_output@@@2@@__crt_stdio_output@@AEAA_NXZ 0000000180010e68 f i libucrt:output.obj
 0001:0000ff30       ?write_stored_string_tchar@?$output_processor@_WV?$stream_output_adapter@_W@__crt_stdio_output@@V?$standard_base@_WV?$stream_output_adapter@_W@__crt_stdio_output@@@2@@__crt_stdio_output@@AEAA_N_W@Z 0000000180010f30 f i libucrt:output.obj
 0001:0001001c       ?write_stored_string_tchar@?$output_processor@_WV?$string_output_adapter@_W@__crt_stdio_output@@V?$standard_base@_WV?$string_output_adapter@_W@__crt_stdio_output@@@2@@__crt_stdio_output@@AEAA_N_W@Z 000000018001101c f i libucrt:output.obj
 0001:0001010c       ?write_string@?$stream_output_adapter@_W@__crt_stdio_output@@QEBAXQEB_WHQEAH1@Z 000000018001110c f i libucrt:output.obj
 0001:00010218       ?write_string@?$string_output_adapter@_W@__crt_stdio_output@@QEBAXQEB_WHQEAH1@Z 0000000180011218 f i libucrt:output.obj
 0001:000102d8       __stdio_common_vfwprintf   00000001800112d8 f   libucrt:output.obj
 0001:00010364       __stdio_common_vswprintf   0000000180011364 f   libucrt:output.obj
 0001:0001059c       wcscpy_s                   000000018001159c f   libucrt:wcscpy_s.obj
 0001:00010604       __ascii_stricmp            0000000180011604 f   libucrt:stricmp.obj
 0001:00010640       _stricmp                   0000000180011640 f   libucrt:stricmp.obj
 0001:00010688       _stricmp_l                 0000000180011688 f   libucrt:stricmp.obj
 0001:0001073c       free                       000000018001173c f   libucrt:free.obj
 0001:00010744       __acrt_errno_from_os_error 0000000180011744 f   libucrt:errno.obj
 0001:0001078c       __acrt_errno_map_os_error  000000018001178c f   libucrt:errno.obj
 0001:000107dc       __doserrno                 00000001800117dc f   libucrt:errno.obj
 0001:000107fc       _errno                     00000001800117fc f   libucrt:errno.obj
 0001:0001081c       _fclose_nolock             000000018001181c f   libucrt:fclose.obj
 0001:000108a0       fclose                     00000001800118a0 f   libucrt:fclose.obj
 0001:0001090c       __acrt_stdio_flush_nolock  000000018001190c f   libucrt:fflush.obj
 0001:00010984       _fflush_nolock             0000000180011984 f   libucrt:fflush.obj
 0001:000109d0       _flushall                  00000001800119d0 f   libucrt:fflush.obj
 0001:00010ac0       fflush                     0000000180011ac0 f   libucrt:fflush.obj
 0001:00010b04       _fgetc_nolock              0000000180011b04 f   libucrt:fgetc.obj
 0001:00010b48       fgetc                      0000000180011b48 f   libucrt:fgetc.obj
 0001:00010c4c       fgetpos                    0000000180011c4c f   libucrt:fgetpos.obj
 0001:00010c98       _fputc_nolock              0000000180011c98 f   libucrt:fputc.obj
 0001:00010cb0       fputc                      0000000180011cb0 f   libucrt:fputc.obj
 0001:00010dd0       fsetpos                    0000000180011dd0 f   libucrt:fsetpos.obj
 0001:0001107c       _fseeki64                  000000018001207c f   libucrt:fseek.obj
 0001:00011084       ??$?RV<lambda_5d4c3fee44080f75d5d9762853974fe0>@@AEAV<lambda_532e024f4337e6fc7ad266c2bef9f4ed>@@V<lambda_c87bdc10097eb2402edb8ba9bdf0697b>@@@?$__crt_seh_guarded_call@_K@@QEAA_K$$QEAV<lambda_5d4c3fee44080f75d5d9762853974fe0>@@AEAV<lambda_532e024f4337e6fc7ad266c2bef9f4ed>@@$$QEAV<lambda_c87bdc10097eb2402edb8ba9bdf0697b>@@@Z 0000000180012084 f i libucrt:fwrite.obj
 0001:00011128       _fwrite_nolock             0000000180012128 f   libucrt:fwrite.obj
 0001:000112c4       fwrite                     00000001800122c4 f   libucrt:fwrite.obj
 0001:00011348       ??$?RV<lambda_7a5ef57ff966f610505f1d28a3d40618>@@AEAV<lambda_b721fa326cdb32351d23dfa67958c160>@@V<lambda_5e0fb27672408a07956fe59e48ccb2aa>@@@?$__crt_seh_guarded_call@H@@QEAAH$$QEAV<lambda_7a5ef57ff966f610505f1d28a3d40618>@@AEAV<lambda_b721fa326cdb32351d23dfa67958c160>@@$$QEAV<lambda_5e0fb27672408a07956fe59e48ccb2aa>@@@Z 0000000180012348 f i libucrt:setvbuf.obj
 0001:00011478       setvbuf                    0000000180012478 f   libucrt:setvbuf.obj
 0001:00011518       _ungetc_nolock             0000000180012518 f   libucrt:ungetc.obj
 0001:00011628       ungetc                     0000000180012628 f   libucrt:ungetc.obj
 0001:00011688       __acrt_initialize_locks    0000000180012688 f   libucrt:locks.obj
 0001:000116d0       __acrt_lock                00000001800126d0 f   libucrt:locks.obj
 0001:000116ec       __acrt_uninitialize_locks  00000001800126ec f   libucrt:locks.obj
 0001:00011724       __acrt_unlock              0000000180012724 f   libucrt:locks.obj
 0001:00011740       _lock_locales              0000000180012740 f   libucrt:locks.obj
 0001:00011750       _unlock_locales            0000000180012750 f   libucrt:locks.obj
 0001:00011760       _calloc_base               0000000180012760 f   libucrt:calloc_base.obj
 0001:000117d8       __pctype_func              00000001800127d8 f   libucrt:ctype.obj
 0001:00011808       isdigit                    0000000180012808 f i libucrt:_ctype.obj
 0001:0001187c       islower                    000000018001287c f i libucrt:_ctype.obj
 0001:000118f0       isupper                    00000001800128f0 f i libucrt:_ctype.obj
 0001:00011964       _wcsdup                    0000000180012964 f   libucrt:wcsdup.obj
 0001:000119e8       ___lc_codepage_func        00000001800129e8 f   libucrt:initctype.obj
 0001:00011a18       ___lc_locale_name_func     0000000180012a18 f   libucrt:initctype.obj
 0001:00011a4c       __acrt_locale_initialize_ctype 0000000180012a4c f   libucrt:initctype.obj
 0001:00012020       malloc                     0000000180013020 f   libucrt:malloc.obj
 0001:00012110       setlocale                  0000000180013110 f   libucrt:setlocale.obj
 0001:000122dc       abort                      00000001800132dc f   libucrt:abort.obj
 0001:00012334       __strncnt                  0000000180013334 f   libucrt:strncnt.obj
 0001:0001234c       _free_base                 000000018001334c f   libucrt:free_base.obj
 0001:0001238c       _malloc_base               000000018001338c f   libucrt:malloc_base.obj
 0001:000123ec       _realloc_base              00000001800133ec f   libucrt:realloc_base.obj
 0001:00012470       ??$make_c_string_character_source@_W$$T@__crt_strtox@@YA?AV?$c_string_character_source@_W@0@QEB_W$$T@Z 0000000180013470 f i libucrt:atox.obj
 0001:00012470       ??$make_c_string_character_source@_WPEAPEA_W@__crt_strtox@@YA?AV?$c_string_character_source@_W@0@QEB_WQEAPEA_W@Z 0000000180013470 f i libucrt:strtod.obj
 0001:00012490       ?divide@__crt_strtox@@YA_KAEAUbig_integer@1@AEBU21@@Z 0000000180013490 f i libucrt:strtod.obj
 0001:00012960       pow                        0000000180013960 f   libucrt:pow.obj
 0001:00014000       powf                       0000000180015000 f   libucrt:powf.obj
 0001:00014f40       _ismbblead                 0000000180015f40 f   libucrt:ismbbyte.obj
 0001:00014fa4       _tolower_l                 0000000180015fa4 f   libucrt:tolower_toupper.obj
 0001:000150e4       tolower                    00000001800160e4 f   libucrt:tolower_toupper.obj
 0001:00015110       __acrt_initialize_new_handler 0000000180016110 f   libucrt:new_handler.obj
 0001:00015118       _callnewh                  0000000180016118 f   libucrt:new_handler.obj
 0001:00015158       _query_new_handler         0000000180016158 f   libucrt:new_handler.obj
 0001:0001518c       _seh_filter_dll            000000018001618c f   libucrt:exception_filter.obj
 0001:000151a0       _seh_filter_exe            00000001800161a0 f   libucrt:exception_filter.obj
 0001:00015560       __acrt_initialize_thread_local_exit_callback 0000000180016560 f   libucrt:exit.obj
 0001:00015568       _cexit                     0000000180016568 f   libucrt:exit.obj
 0001:00015578       _exit                      0000000180016578 f   libucrt:exit.obj
 0001:00015584       _is_c_termination_complete 0000000180016584 f   libucrt:exit.obj
 0001:00015748       __acrt_allocate_buffer_for_argv 0000000180016748 f   libucrt:argv_parsing.obj
 0001:000157ac       _configure_narrow_argv     00000001800167ac f   libucrt:argv_parsing.obj
 0001:00015b08       __dcrt_uninitialize_environments_nolock 0000000180016b08 f   libucrt:environment_initialization.obj
 0001:00015b40       _initialize_narrow_environment 0000000180016b40 f   libucrt:environment_initialization.obj
 0001:00015b48       ??$?RV<lambda_b8c45f8f788dd370798f47cfe8ac3a86>@@AEAV<lambda_4e60a939b0d047cfe11ddc22648dfba9>@@V<lambda_332c3edc96d0294ec56c57d38c1cdfd5>@@@?$__crt_seh_guarded_call@H@@QEAAH$$QEAV<lambda_b8c45f8f788dd370798f47cfe8ac3a86>@@AEAV<lambda_4e60a939b0d047cfe11ddc22648dfba9>@@$$QEAV<lambda_332c3edc96d0294ec56c57d38c1cdfd5>@@@Z 0000000180016b48 f i libucrt:onexit.obj
 0001:00015b84       ??$?RV<lambda_e24bbb7b643b32fcea6fa61b31d4c984>@@AEAV<lambda_275893d493268fdec8709772e3fcec0e>@@V<lambda_9d71df4d7cf3f480f8d633942495c3b0>@@@?$__crt_seh_guarded_call@H@@QEAAH$$QEAV<lambda_e24bbb7b643b32fcea6fa61b31d4c984>@@AEAV<lambda_275893d493268fdec8709772e3fcec0e>@@$$QEAV<lambda_9d71df4d7cf3f480f8d633942495c3b0>@@@Z 0000000180016b84 f i libucrt:onexit.obj
 0001:00015f00       _crt_atexit                0000000180016f00 f   libucrt:onexit.obj
 0001:00015f10       _execute_onexit_table      0000000180016f10 f   libucrt:onexit.obj
 0001:00015f4c       _initialize_onexit_table   0000000180016f4c f   libucrt:onexit.obj
 0001:00015f8c       _register_onexit_function  0000000180016f8c f   libucrt:onexit.obj
 0001:0001600c       ?do_always_noconv@?$codecvt@DDU_Mbstatet@@@std@@MEBA_NXZ 000000018001700c f   libcpmt:cout.obj
 0001:0001600c       __acrt_uninitialize_command_line 000000018001700c f   libucrt:argv_data.obj
 0001:0001610c       __acrt_initialize          000000018001710c f   libucrt:initialization.obj
 0001:00016120       __acrt_thread_attach       0000000180017120 f   libucrt:initialization.obj
 0001:00016134       __acrt_thread_detach       0000000180017134 f   libucrt:initialization.obj
 0001:00016144       __acrt_uninitialize        0000000180017144 f   libucrt:initialization.obj
 0001:00016158       __acrt_uninitialize_critical 0000000180017158 f   libucrt:initialization.obj
 0001:00016168       _initterm                  0000000180017168 f   libucrt:initterm.obj
 0001:000161e0       _initterm_e                00000001800171e0 f   libucrt:initterm.obj
 0001:0001622c       terminate                  000000018001722c f   libucrt:terminate.obj
 0001:00016254       strcpy_s                   0000000180017254 f   libucrt:strcpy_s.obj
 0001:000162b4       _mbtowc_l                  00000001800172b4 f   libucrt:mbtowc.obj
 0001:000163fc       mbtowc                     00000001800173fc f   libucrt:mbtowc.obj
 0001:00016404       _fileno                    0000000180017404 f   libucrt:fileno.obj
 0001:000165d4       __acrt_stdio_refill_and_read_narrow_nolock 00000001800175d4 f   libucrt:_filbuf.obj
 0001:000167c4       __acrt_initialize_lowio    00000001800177c4 f   libucrt:ioinit.obj
 0001:00016800       __acrt_uninitialize_lowio  0000000180017800 f   libucrt:ioinit.obj
 0001:00016884       ??$?RV<lambda_630b2aca97f6d20d5b5ea6529ea6b6af>@@AEAV<lambda_af91936f1d075d609f72d9d8cba980af>@@V<lambda_e82fa975f615b5c7c7b0e4d178fdae67>@@@?$__crt_seh_guarded_call@H@@QEAAH$$QEAV<lambda_630b2aca97f6d20d5b5ea6529ea6b6af>@@AEAV<lambda_af91936f1d075d609f72d9d8cba980af>@@$$QEAV<lambda_e82fa975f615b5c7c7b0e4d178fdae67>@@@Z 0000000180017884 f i libucrt:winapi_thunks.obj
 0001:00016abc       __acrt_EnumSystemLocalesEx 0000000180017abc f   libucrt:winapi_thunks.obj
 0001:00016b64       __acrt_FlsAlloc            0000000180017b64 f   libucrt:winapi_thunks.obj
 0001:00016bbc       __acrt_FlsFree             0000000180017bbc f   libucrt:winapi_thunks.obj
 0001:00016c14       __acrt_FlsGetValue         0000000180017c14 f   libucrt:winapi_thunks.obj
 0001:00016c6c       __acrt_FlsSetValue         0000000180017c6c f   libucrt:winapi_thunks.obj
 0001:00016cd4       __acrt_GetLocaleInfoEx     0000000180017cd4 f   libucrt:winapi_thunks.obj
 0001:00016d6c       __acrt_GetUserDefaultLocaleName 0000000180017d6c f   libucrt:winapi_thunks.obj
 0001:00016de0       __acrt_InitializeCriticalSectionEx 0000000180017de0 f   libucrt:winapi_thunks.obj
 0001:00016e58       __acrt_IsValidLocaleName   0000000180017e58 f   libucrt:winapi_thunks.obj
 0001:00016ec0       __acrt_LCIDToLocaleName    0000000180017ec0 f   libucrt:winapi_thunks.obj
 0001:00016f4c       __acrt_LCMapStringEx       0000000180017f4c f   libucrt:winapi_thunks.obj
 0001:0001703c       __acrt_LocaleNameToLCID    000000018001803c f   libucrt:winapi_thunks.obj
 0001:000170a4       __acrt_can_use_vista_locale_apis 00000001800180a4 f   libucrt:winapi_thunks.obj
 0001:000170d4       __acrt_initialize_winapi_thunks 00000001800180d4 f   libucrt:winapi_thunks.obj
 0001:0001710c       __acrt_is_packaged_app     000000018001810c f   libucrt:winapi_thunks.obj
 0001:00017194       __acrt_uninitialize_winapi_thunks 0000000180018194 f   libucrt:winapi_thunks.obj
 0001:000171d8       _fcloseall                 00000001800181d8 f   libucrt:closeall.obj
 0001:0001728c       __acrt_stdio_free_buffer_nolock 000000018001828c f   libucrt:_freebuf.obj
 0001:000172cc       ??$?RV<lambda_46352004c1216016012b18bd6f87e700>@@AEAV<lambda_3bd07e1a1191394380780325891bf33f>@@V<lambda_334532d3f185bcaa59b5be82d7d22bff>@@@?$__crt_seh_guarded_call@X@@QEAAX$$QEAV<lambda_46352004c1216016012b18bd6f87e700>@@AEAV<lambda_3bd07e1a1191394380780325891bf33f>@@$$QEAV<lambda_334532d3f185bcaa59b5be82d7d22bff>@@@Z 00000001800182cc f i libucrt:per_thread_data.obj
 0001:0001732c       ??$?RV<lambda_5e887d1dcbef67a5eb4283622ba103bf>@@AEAV<lambda_4466841279450cc726390878d4a41900>@@V<lambda_341c25c0346d94847f1f3c463c57e077>@@@?$__crt_seh_guarded_call@X@@QEAAX$$QEAV<lambda_5e887d1dcbef67a5eb4283622ba103bf>@@AEAV<lambda_4466841279450cc726390878d4a41900>@@$$QEAV<lambda_341c25c0346d94847f1f3c463c57e077>@@@Z 000000018001832c f i libucrt:per_thread_data.obj
 0001:00017374       ??$?RV<lambda_72d1df2b273a38828b1ce30cbf4cdab5>@@AEAV<lambda_876a65b173b8412d3a47c70a915b0cf4>@@V<lambda_41932305e351933ebe8f8be3ed8bb5dc>@@@?$__crt_seh_guarded_call@X@@QEAAX$$QEAV<lambda_72d1df2b273a38828b1ce30cbf4cdab5>@@AEAV<lambda_876a65b173b8412d3a47c70a915b0cf4>@@$$QEAV<lambda_41932305e351933ebe8f8be3ed8bb5dc>@@@Z 0000000180018374 f i libucrt:per_thread_data.obj
 0001:000173b4       ??$?RV<lambda_fb3a7dec4e47f37f22dae91bb15c9095>@@AEAV<lambda_698284760c8add0bfb0756c19673e34b>@@V<lambda_dfb8eca1e75fef3034a8fb18dd509707>@@@?$__crt_seh_guarded_call@X@@QEAAX$$QEAV<lambda_fb3a7dec4e47f37f22dae91bb15c9095>@@AEAV<lambda_698284760c8add0bfb0756c19673e34b>@@$$QEAV<lambda_dfb8eca1e75fef3034a8fb18dd509707>@@@Z 00000001800183b4 f i libucrt:per_thread_data.obj
 0001:00017644       __acrt_freeptd             0000000180018644 f   libucrt:per_thread_data.obj
 0001:00017688       __acrt_getptd              0000000180018688 f   libucrt:per_thread_data.obj
 0001:0001771c       __acrt_getptd_noexit       000000018001871c f   libucrt:per_thread_data.obj
 0001:000177bc       __acrt_initialize_ptd      00000001800187bc f   libucrt:per_thread_data.obj
 0001:000177f8       __acrt_uninitialize_ptd    00000001800187f8 f   libucrt:per_thread_data.obj
 0001:0001781c       wcsncpy_s                  000000018001881c f   libucrt:wcsncpy_s.obj
 0001:00017900       strncpy_s                  0000000180018900 f   libucrt:strncpy_s.obj
 0001:000179d4       iswctype                   00000001800189d4 f   libucrt:iswctype.obj
 0001:00017a44       _isctype_l                 0000000180018a44 f   libucrt:isctype.obj
 0001:00017b54       __acrt_update_locale_info  0000000180018b54 f   libucrt:locale_update.obj
 0001:00017b88       __acrt_update_multibyte_info 0000000180018b88 f   libucrt:locale_update.obj
 0001:00017bbc       ??$?RV<lambda_5df02c53a8f32f81fd64e5bbb78039f1>@@AEAV<lambda_2af78c5f5901b1372d98f9ab3177dfa6>@@AEAV<lambda_f51fe5fd7c79a33db34fc9310f277369>@@@?$__crt_seh_guarded_call@X@@QEAAX$$QEAV<lambda_5df02c53a8f32f81fd64e5bbb78039f1>@@AEAV<lambda_2af78c5f5901b1372d98f9ab3177dfa6>@@AEAV<lambda_f51fe5fd7c79a33db34fc9310f277369>@@@Z 0000000180018bbc f i libucrt:wsetlocale.obj
 0001:00017be8       ??$?RV<lambda_d67e8342c384adda8f857579ab50b2ae>@@AEAV<lambda_30712929f77e709619002f448b6a9510>@@V<lambda_4525336fd7e478d965fb7ca7a337cad8>@@@?$__crt_seh_guarded_call@X@@QEAAX$$QEAV<lambda_d67e8342c384adda8f857579ab50b2ae>@@AEAV<lambda_30712929f77e709619002f448b6a9510>@@$$QEAV<lambda_4525336fd7e478d965fb7ca7a337cad8>@@@Z 0000000180018be8 f i libucrt:wsetlocale.obj
 0001:00017db4       __acrt_copy_locale_name    0000000180018db4 f   libucrt:wsetlocale.obj
 0001:00017e38       __acrt_set_locale_changed  0000000180018e38 f   libucrt:wsetlocale.obj
 0001:00017e44       __acrt_uninitialize_locale 0000000180018e44 f   libucrt:wsetlocale.obj
 0001:00017e8c       __lc_lctowcs               0000000180018e8c f   libucrt:wsetlocale.obj
 0001:00017f30       __lc_wcstolc               0000000180018f30 f   libucrt:wsetlocale.obj
 0001:000181a8       _expandlocale              00000001800191a8 f   libucrt:wsetlocale.obj
 0001:000185a4       _wcscats                   00000001800195a4 f   libucrt:wsetlocale.obj
 0001:0001860c       _wsetlocale                000000018001960c f   libucrt:wsetlocale.obj
 0001:00018e58       wcstol                     0000000180019e58 f   libucrt:strtox.obj
 0001:00018e88       _wctomb_s_l                0000000180019e88 f   libucrt:wctomb.obj
 0001:0001900c       wctomb_s                   000000018001a00c f   libucrt:wctomb.obj
 0001:00019020       ?__acrt_fp_classify@@YA?AW4__acrt_fp_class@@AEBN@Z 000000018001a020 f i libucrt:cvt.obj
 0001:00019a58       __acrt_fp_format           000000018001aa58 f   libucrt:cvt.obj
 0001:00019c9c       _fputwc_nolock             000000018001ac9c f   libucrt:fputwc.obj
 0001:00019e18       _get_printf_count_output   000000018001ae18 f   libucrt:printf_count_output.obj
 0001:00019e30       __acrt_stdio_begin_temporary_buffering_nolock 000000018001ae30 f   libucrt:_sftbuf.obj
 0001:00019f00       __acrt_stdio_end_temporary_buffering_nolock 000000018001af00 f   libucrt:_sftbuf.obj
 0001:00019f3c       ??$?RV<lambda_bfedae4ebbf01fab1bb6dcc6a9e276e0>@@AEAV<lambda_2fe9b910cf3cbf4a0ab98a02ba45b3ec>@@V<lambda_237c231691f317818eb88cc1d5d642d6>@@@?$__crt_seh_guarded_call@H@@QEAAH$$QEAV<lambda_bfedae4ebbf01fab1bb6dcc6a9e276e0>@@AEAV<lambda_2fe9b910cf3cbf4a0ab98a02ba45b3ec>@@$$QEAV<lambda_237c231691f317818eb88cc1d5d642d6>@@@Z 000000018001af3c f i libucrt:close.obj
 0001:00019fb0       _close                     000000018001afb0 f   libucrt:close.obj
 0001:0001a054       _close_nolock              000000018001b054 f   libucrt:close.obj
 0001:0001a110       ?__acrt_stdio_free_stream@@YAXV__crt_stdio_stream@@@Z 000000018001b110 f   libucrt:stream.obj
 0001:0001a154       ??$?RV<lambda_b521505b218e5242e90febf6bfebc422>@@AEAV<lambda_6978c1fb23f02e42e1d9e99668cc68aa>@@V<lambda_314360699dd331753a4119843814e9a7>@@@?$__crt_seh_guarded_call@H@@QEAAH$$QEAV<lambda_b521505b218e5242e90febf6bfebc422>@@AEAV<lambda_6978c1fb23f02e42e1d9e99668cc68aa>@@$$QEAV<lambda_314360699dd331753a4119843814e9a7>@@@Z 000000018001b154 f i libucrt:commit.obj
 0001:0001a1e0       _commit                    000000018001b1e0 f   libucrt:commit.obj
 0001:0001a814       _write                     000000018001b814 f   libucrt:write.obj
 0001:0001a900       _write_nolock              000000018001b900 f   libucrt:write.obj
 0001:0001b0a0       _ftelli64                  000000018001c0a0 f   libucrt:ftell.obj
 0001:0001b0a8       _ftelli64_nolock           000000018001c0a8 f   libucrt:ftell.obj
 0001:0001b2c0       __acrt_stdio_flush_and_write_narrow_nolock 000000018001c2c0 f   libucrt:_flsbuf.obj
 0001:0001b3a8       __acrt_stdio_flush_and_write_wide_nolock 000000018001c3a8 f   libucrt:_flsbuf.obj
 0001:0001b620       _lseeki64                  000000018001c620 f   libucrt:lseek.obj
 0001:0001b628       _lseeki64_nolock           000000018001c628 f   libucrt:lseek.obj
 0001:0001b630       __acrt_stdio_allocate_buffer_nolock 000000018001c630 f   libucrt:_getbuf.obj
 0001:0001b694       _query_new_mode            000000018001c694 f   libucrt:new_mode.obj
 0001:0001b69c       __acrt_initialize_heap     000000018001c69c f   libucrt:heap_handle.obj
 0001:0001b6b8       __acrt_uninitialize_heap   000000018001c6b8 f   libucrt:heap_handle.obj
 0001:0001b864       __acrt_GetLocaleInfoA      000000018001c864 f   libucrt:getlocaleinfoa.obj
 0001:0001ba2c       __acrt_GetStringTypeA      000000018001ca2c f   libucrt:getstringtypea.obj
 0001:0001bf3c       __acrt_LCMapStringA        000000018001cf3c f   libucrt:lcmapstringa.obj
 0001:0001c1b0       _mbstowcs_s_l              000000018001d1b0 f   libucrt:mbstowcs.obj
 0001:0001c2e0       mbstowcs_s                 000000018001d2e0 f   libucrt:mbstowcs.obj
 0001:0001c634       _wcstombs_s_l              000000018001d634 f   libucrt:wcstombs.obj
 0001:0001c720       ??$?RV<lambda_c36588078e9f5dfd39652860aa6b3aaf>@@AEAV<lambda_ec61778202f4f5fc7e7711acc23c3bca>@@V<lambda_dc9d2797ccde5d239b4a0efae8ebd7db>@@@?$__crt_seh_guarded_call@P6AXH@Z@@QEAAP6AXH@Z$$QEAV<lambda_c36588078e9f5dfd39652860aa6b3aaf>@@AEAV<lambda_ec61778202f4f5fc7e7711acc23c3bca>@@$$QEAV<lambda_dc9d2797ccde5d239b4a0efae8ebd7db>@@@Z 000000018001d720 f i libucrt:signal.obj
 0001:0001c768       __acrt_get_sigabrt_handler 000000018001d768 f   libucrt:signal.obj
 0001:0001c798       __acrt_initialize_signal_handlers 000000018001d798 f   libucrt:signal.obj
 0001:0001c7b8       raise                      000000018001d7b8 f   libucrt:signal.obj
 0001:0001ca54       _raise_exc                 000000018001da54 f   libucrt:fpexcept.obj
 0001:0001ca7c       _raise_exc_ex              000000018001da7c f   libucrt:fpexcept.obj
 0001:0001cd84       _raise_excf                000000018001dd84 f   libucrt:fpexcept.obj
 0001:0001cdb0       _set_errno_from_matherr    000000018001ddb0 f   libucrt:fpexcept.obj
 0001:0001cde0       _clrfp                     000000018001dde0 f   libucrt:fpctrl.obj
 0001:0001ce00       _ctrlfp                    000000018001de00 f   libucrt:fpctrl.obj
 0001:0001ce7c       _set_statfp                000000018001de7c f   libucrt:fpctrl.obj
 0001:0001ce9c       _statfp                    000000018001de9c f   libucrt:fpctrl.obj
 0001:0001ceb0       __acrt_initialize_fma3     000000018001deb0 f   libucrt:fma3_available.obj
 0001:0001cf20       _pow_special               000000018001df20 f   libucrt:pow_special.obj
 0001:0001d044       _powf_special              000000018001e044 f   libucrt:pow_special.obj
 0001:0001d1d0       _wcsicmp                   000000018001e1d0 f   libucrt:wcsicmp.obj
 0001:0001d258       _wcsicmp_l                 000000018001e258 f   libucrt:wcsicmp.obj
 0001:0001d348       __acrt_initialize_timeset  000000018001e348 f   libucrt:timeset.obj
 0001:0001d378       _isleadbyte_l              000000018001e378 f i libucrt:_wctype.obj
 0001:0001d894       ?expand_if_necessary@?$argument_list@D@?A0xca0879c4@@AEAAHXZ 000000018001e894 f i libucrt:argv_wildcards.obj
 0001:0001d95c       __acrt_expand_narrow_argv_wildcards 000000018001e95c f   libucrt:argv_wildcards.obj
 0001:0001d964       ??$?RV<lambda_99476a1ad63dd22509b5d3e65b0ffc95>@@AEAV<lambda_ad1ced32f4ac17aa236e5ef05d6b3b7c>@@V<lambda_f7424dd8d45958661754dc4f2697e9c3>@@@?$__crt_seh_guarded_call@X@@QEAAX$$QEAV<lambda_99476a1ad63dd22509b5d3e65b0ffc95>@@AEAV<lambda_ad1ced32f4ac17aa236e5ef05d6b3b7c>@@$$QEAV<lambda_f7424dd8d45958661754dc4f2697e9c3>@@@Z 000000018001e964 f i libucrt:mbctype.obj
 0001:0001e060       __acrt_initialize_multibyte 000000018001f060 f   libucrt:mbctype.obj
 0001:0001e088       __acrt_update_thread_multibyte_data 000000018001f088 f   libucrt:mbctype.obj
 0001:0001e148       _setmbcp_nolock            000000018001f148 f   libucrt:mbctype.obj
 0001:0001e3f0       __acrt_initialize_command_line 000000018001f3f0 f   libucrt:argv_data.obj
[...]
 0004:00001f80       $pdata$__dcrt_lowio_initialize_console_output 0000000180043f80     libucrt:initcon.obj
 0004:00001f8c       $pdata$__dcrt_terminate_console_output 0000000180043f8c     libucrt:initcon.obj
 0004:00001f98       $pdata$_clearfp            0000000180043f98     libucrt:ieee.obj
 0004:00001fa4       $pdata$common_control87    0000000180043fa4     libucrt:ieee.obj
 0004:00001fb0       $pdata$__acrt_LCMapStringW 0000000180043fb0     libucrt:lcmapstringw.obj
 0004:00001fbc       $pdata$_log10_special      0000000180043fbc     libucrt:log_special.obj
 0004:00001fc8       $pdata$_log_special_common 0000000180043fc8     libucrt:log_special.obj
 0004:00001fd4       $pdata$?DloadAcquireSectionWriteAccess@@YAXXZ 0000000180043fd4     DelayImp:delayhlp.obj
 0004:00001fe0       $pdata$?DloadGetSRWLockFunctionPointers@@YAEXZ 0000000180043fe0     DelayImp:delayhlp.obj
 0004:00001fec       $pdata$?DloadMakePermanentImageCommit@@YAXPEAX_K@Z 0000000180043fec     DelayImp:delayhlp.obj
 0004:00001ff8       $pdata$?DloadObtainSection@@YAPEAXPEAK0@Z 0000000180043ff8     DelayImp:delayhlp.obj
 0004:00002004       $pdata$?DloadProtectSection@@YAXKPEAK@Z 0000000180044004     DelayImp:delayhlp.obj
 0004:00002010       $pdata$?DloadReleaseSectionWriteAccess@@YAXXZ 0000000180044010     DelayImp:delayhlp.obj
 0004:0000201c       $pdata$__delayLoadHelper2  000000018004401c     DelayImp:delayhlp.obj
 0004:00002028       $pdata$_IsNonwritableInCurrentImage 0000000180044028     LIBCMT:pesect.obj
 0004:00002034       $pdata$strrchr             0000000180044034     libvcruntime:strrchr.obj
 0004:00002040       $pdata$wcschr              0000000180044040     libvcruntime:wcschr.obj
 0004:00002058       $pdata$?dtor$0@?0???0?$basic_ostream@DU?$char_traits@D@std@@@std@@QEAA@PEAV?$basic_streambuf@DU?$char_traits@D@std@@@1@_N@Z@4HA 0000000180044058     libcpmt:cout.obj
 0004:00002064       $pdata$?dtor$0@?0??_Getcat@?$codecvt@DDU_Mbstatet@@@std@@SA_KPEAPEBVfacet@locale@2@PEBV42@@Z@4HA 0000000180044064     libcpmt:cout.obj
 0004:00002070       $pdata$?dtor$0@?0??_Getcat@?$ctype@D@std@@SA_KPEAPEBVfacet@locale@2@PEBV42@@Z@4HA 0000000180044070     libcpmt:cout.obj
 0004:0000207c       $pdata$?catch$0@?0???2@YAPEAX_KAEBUnothrow_t@std@@@Z@4HA 000000018004407c     LIBCMT:new_scalar_nothrow.obj
 0004:00002088       $pdata$__scrt_is_nonwritable_in_current_image$filt$0 0000000180044088     LIBCMT:utility.obj
 0004:00002094       $pdata$?fin$0@?0??dllmain_crt_process_attach@@YAHQEAUHINSTANCE__@@QEAX@Z@4HA 0000000180044094     LIBCMT:dll_dllmain.obj
 0004:000020a0       $pdata$?fin$0@?0??dllmain_crt_process_detach@@YAH_N@Z@4HA 00000001800440a0     LIBCMT:dll_dllmain.obj
 0004:000020ac       $pdata$?filt$0@?0??dllmain_dispatch@@YAHQEAUHINSTANCE__@@KQEAX@Z@4HA 00000001800440ac     LIBCMT:dll_dllmain.obj
 0004:000020b8       $pdata$__CxxCallCatchBlock$filt$0 00000001800440b8     libvcruntime:frame.obj
 0004:000020c4       $pdata$__CxxCallCatchBlock$fin$1 00000001800440c4     libvcruntime:frame.obj
 0004:000020d0       $pdata$__DestructExceptionObject$filt$0 00000001800440d0     libvcruntime:frame.obj
 0004:000020dc       $pdata$__FrameUnwindToState$filt$0 00000001800440dc     libvcruntime:frame.obj
 0004:000020e8       $pdata$__FrameUnwindToState$fin$1 00000001800440e8     libvcruntime:frame.obj
 0004:000020f4       $pdata$_CallSETranslator$filt$0 00000001800440f4     libvcruntime:trnsctrl.obj
 0004:00002100       $pdata$?fin$0@?0???$?RV<lambda_7b91131dde12e1c3dfc74ff76b3f2eac>@@AEAV<lambda_dd75445284c072d0bd3768540cc698fa>@@V<lambda_16bc4ecb55b4718497c16bceaea2ceaf>@@@?$__crt_seh_guarded_call@H@@QEAAH$$QEAV<lambda_7b91131dde12e1c3dfc74ff76b3f2eac>@@AEAV<lambda_dd75445284c072d0bd3768540cc698fa>@@$$QEAV<lambda_16bc4ecb55b4718497c16bceaea2ceaf>@@@Z@4HA 0000000180044100     libucrt:output.obj
 0004:00002100       $pdata$?fin$0@?0???$?RV<lambda_5d4c3fee44080f75d5d9762853974fe0>@@AEAV<lambda_532e024f4337e6fc7ad266c2bef9f4ed>@@V<lambda_c87bdc10097eb2402edb8ba9bdf0697b>@@@?$__crt_seh_guarded_call@_K@@QEAA_K$$QEAV<lambda_5d4c3fee44080f75d5d9762853974fe0>@@AEAV<lambda_532e024f4337e6fc7ad266c2bef9f4ed>@@$$QEAV<lambda_c87bdc10097eb2402edb8ba9bdf0697b>@@@Z@4HA 0000000180044100     libucrt:fwrite.obj
 0004:00002100       $pdata$?fin$0@?0???$?RV<lambda_7a5ef57ff966f610505f1d28a3d40618>@@AEAV<lambda_b721fa326cdb32351d23dfa67958c160>@@V<lambda_5e0fb27672408a07956fe59e48ccb2aa>@@@?$__crt_seh_guarded_call@H@@QEAAH$$QEAV<lambda_7a5ef57ff966f610505f1d28a3d40618>@@AEAV<lambda_b721fa326cdb32351d23dfa67958c160>@@$$QEAV<lambda_5e0fb27672408a07956fe59e48ccb2aa>@@@Z@4HA 0000000180044100     libucrt:setvbuf.obj
 0004:0000210c       $pdata$common_flush_all$fin$0 000000018004410c     libucrt:fflush.obj
 0004:00002118       $pdata$common_flush_all$fin$1 0000000180044118     libucrt:fflush.obj
 0004:00002124       $pdata$fflush$fin$0        0000000180044124     libucrt:fflush.obj
 0004:00002124       $pdata$fclose$fin$0        0000000180044124     libucrt:fclose.obj
 0004:00002130       $pdata$fgetc$fin$0         0000000180044130     libucrt:fgetc.obj
 0004:0000213c       $pdata$fputc$fin$0         000000018004413c     libucrt:fputc.obj
 0004:00002148       $pdata$ungetc$fin$0        0000000180044148     libucrt:ungetc.obj
 0004:00002154       $pdata$setlocale$fin$0     0000000180044154     libucrt:setlocale.obj
 0004:00002160       $pdata$_query_new_handler$fin$0 0000000180044160     libucrt:new_handler.obj
 0004:0000216c       $pdata$?filt$0@?0??common_exit@@YAXHW4_crt_exit_cleanup_mode@@W4_crt_exit_return_mode@@@Z@4HA 000000018004416c     libucrt:exit.obj
 0004:00002178       $pdata$?fin$1@?0??common_exit@@YAXHW4_crt_exit_cleanup_mode@@W4_crt_exit_return_mode@@@Z@4HA 0000000180044178     libucrt:exit.obj
 0004:00002184       $pdata$?fin$0@?0???$?RV<lambda_e24bbb7b643b32fcea6fa61b31d4c984>@@AEAV<lambda_275893d493268fdec8709772e3fcec0e>@@V<lambda_9d71df4d7cf3f480f8d633942495c3b0>@@@?$__crt_seh_guarded_call@H@@QEAAH$$QEAV<lambda_e24bbb7b643b32fcea6fa61b31d4c984>@@AEAV<lambda_275893d493268fdec8709772e3fcec0e>@@$$QEAV<lambda_9d71df4d7cf3f480f8d633942495c3b0>@@@Z@4HA 0000000180044184     libucrt:onexit.obj
 0004:00002190       $pdata$_fcloseall$fin$0    0000000180044190     libucrt:closeall.obj
 0004:0000219c       $pdata$?fin$0@?0???$?RV<lambda_5df02c53a8f32f81fd64e5bbb78039f1>@@AEAV<lambda_2af78c5f5901b1372d98f9ab3177dfa6>@@AEAV<lambda_f51fe5fd7c79a33db34fc9310f277369>@@@?$__crt_seh_guarded_call@X@@QEAAX$$QEAV<lambda_5df02c53a8f32f81fd64e5bbb78039f1>@@AEAV<lambda_2af78c5f5901b1372d98f9ab3177dfa6>@@AEAV<lambda_f51fe5fd7c79a33db34fc9310f277369>@@@Z@4HA 000000018004419c     libucrt:wsetlocale.obj
 0004:000021a8       $pdata$__acrt_uninitialize_locale$fin$0 00000001800441a8     libucrt:wsetlocale.obj
 0004:000021a8       $pdata$__acrt_update_thread_locale_data$fin$0 00000001800441a8     libucrt:locale_refcounting.obj
 0004:000021b4       $pdata$?fin$0@?0???$?RV<lambda_b521505b218e5242e90febf6bfebc422>@@AEAV<lambda_6978c1fb23f02e42e1d9e99668cc68aa>@@V<lambda_314360699dd331753a4119843814e9a7>@@@?$__crt_seh_guarded_call@H@@QEAAH$$QEAV<lambda_b521505b218e5242e90febf6bfebc422>@@AEAV<lambda_6978c1fb23f02e42e1d9e99668cc68aa>@@$$QEAV<lambda_314360699dd331753a4119843814e9a7>@@@Z@4HA 00000001800441b4     libucrt:commit.obj
 0004:000021b4       $pdata$?fin$0@?0???$?RV<lambda_bfedae4ebbf01fab1bb6dcc6a9e276e0>@@AEAV<lambda_2fe9b910cf3cbf4a0ab98a02ba45b3ec>@@V<lambda_237c231691f317818eb88cc1d5d642d6>@@@?$__crt_seh_guarded_call@H@@QEAAH$$QEAV<lambda_bfedae4ebbf01fab1bb6dcc6a9e276e0>@@AEAV<lambda_2fe9b910cf3cbf4a0ab98a02ba45b3ec>@@$$QEAV<lambda_237c231691f317818eb88cc1d5d642d6>@@@Z@4HA 00000001800441b4     libucrt:close.obj
 0004:000021c0       $pdata$_read$fin$0         00000001800441c0     libucrt:read.obj
 0004:000021c0       $pdata$?fin$0@?0???$common_lseek@_J@@YA_JH_JH@Z@4HA 00000001800441c0     libucrt:lseek.obj
 0004:000021c0       $pdata$_write$fin$0        00000001800441c0     libucrt:write.obj
 0004:000021cc       $pdata$?fin$0@?0??common_fseek@@YAHV__crt_stdio_stream@@_JH@Z@4HA 00000001800441cc     libucrt:fseek.obj
 0004:000021cc       $pdata$?fin$0@?0???$common_ftell@_J@@YA_JV__crt_stdio_stream@@@Z@4HA 00000001800441cc     libucrt:ftell.obj
 0004:000021d8       $pdata$?fin$0@?0???$?RV<lambda_72d1df2b273a38828b1ce30cbf4cdab5>@@AEAV<lambda_876a65b173b8412d3a47c70a915b0cf4>@@V<lambda_41932305e351933ebe8f8be3ed8bb5dc>@@@?$__crt_seh_guarded_call@X@@QEAAX$$QEAV<lambda_72d1df2b273a38828b1ce30cbf4cdab5>@@AEAV<lambda_876a65b173b8412d3a47c70a915b0cf4>@@$$QEAV<lambda_41932305e351933ebe8f8be3ed8bb5dc>@@@Z@4HA 00000001800441d8     libucrt:per_thread_data.obj
 0004:000021d8       $pdata$?fin$0@?0???$?RV<lambda_46352004c1216016012b18bd6f87e700>@@AEAV<lambda_3bd07e1a1191394380780325891bf33f>@@V<lambda_334532d3f185bcaa59b5be82d7d22bff>@@@?$__crt_seh_guarded_call@X@@QEAAX$$QEAV<lambda_46352004c1216016012b18bd6f87e700>@@AEAV<lambda_3bd07e1a1191394380780325891bf33f>@@$$QEAV<lambda_334532d3f185bcaa59b5be82d7d22bff>@@@Z@4HA 00000001800441d8     libucrt:per_thread_data.obj
 0004:000021d8       $pdata$?fin$0@?0???$?RV<lambda_b8c45f8f788dd370798f47cfe8ac3a86>@@AEAV<lambda_4e60a939b0d047cfe11ddc22648dfba9>@@V<lambda_332c3edc96d0294ec56c57d38c1cdfd5>@@@?$__crt_seh_guarded_call@H@@QEAAH$$QEAV<lambda_b8c45f8f788dd370798f47cfe8ac3a86>@@AEAV<lambda_4e60a939b0d047cfe11ddc22648dfba9>@@$$QEAV<lambda_332c3edc96d0294ec56c57d38c1cdfd5>@@@Z@4HA 00000001800441d8     libucrt:onexit.obj
 0004:000021d8       $pdata$?fin$0@?0???$?RV<lambda_5e887d1dcbef67a5eb4283622ba103bf>@@AEAV<lambda_4466841279450cc726390878d4a41900>@@V<lambda_341c25c0346d94847f1f3c463c57e077>@@@?$__crt_seh_guarded_call@X@@QEAAX$$QEAV<lambda_5e887d1dcbef67a5eb4283622ba103bf>@@AEAV<lambda_4466841279450cc726390878d4a41900>@@$$QEAV<lambda_341c25c0346d94847f1f3c463c57e077>@@@Z@4HA 00000001800441d8     libucrt:per_thread_data.obj
 0004:000021d8       $pdata$?fin$0@?0???$?RV<lambda_d67e8342c384adda8f857579ab50b2ae>@@AEAV<lambda_30712929f77e709619002f448b6a9510>@@V<lambda_4525336fd7e478d965fb7ca7a337cad8>@@@?$__crt_seh_guarded_call@X@@QEAAX$$QEAV<lambda_d67e8342c384adda8f857579ab50b2ae>@@AEAV<lambda_30712929f77e709619002f448b6a9510>@@$$QEAV<lambda_4525336fd7e478d965fb7ca7a337cad8>@@@Z@4HA 00000001800441d8     libucrt:wsetlocale.obj
 0004:000021d8       $pdata$?fin$0@?0???$?RV<lambda_99476a1ad63dd22509b5d3e65b0ffc95>@@AEAV<lambda_ad1ced32f4ac17aa236e5ef05d6b3b7c>@@V<lambda_f7424dd8d45958661754dc4f2697e9c3>@@@?$__crt_seh_guarded_call@X@@QEAAX$$QEAV<lambda_99476a1ad63dd22509b5d3e65b0ffc95>@@AEAV<lambda_ad1ced32f4ac17aa236e5ef05d6b3b7c>@@$$QEAV<lambda_f7424dd8d45958661754dc4f2697e9c3>@@@Z@4HA 00000001800441d8     libucrt:mbctype.obj
 0004:000021d8       $pdata$?fin$0@?0???$?RV<lambda_630b2aca97f6d20d5b5ea6529ea6b6af>@@AEAV<lambda_af91936f1d075d609f72d9d8cba980af>@@V<lambda_e82fa975f615b5c7c7b0e4d178fdae67>@@@?$__crt_seh_guarded_call@H@@QEAAH$$QEAV<lambda_630b2aca97f6d20d5b5ea6529ea6b6af>@@AEAV<lambda_af91936f1d075d609f72d9d8cba980af>@@$$QEAV<lambda_e82fa975f615b5c7c7b0e4d178fdae67>@@@Z@4HA 00000001800441d8     libucrt:winapi_thunks.obj
 0004:000021d8       $pdata$?fin$0@?0???$?RV<lambda_fb3a7dec4e47f37f22dae91bb15c9095>@@AEAV<lambda_698284760c8add0bfb0756c19673e34b>@@V<lambda_dfb8eca1e75fef3034a8fb18dd509707>@@@?$__crt_seh_guarded_call@X@@QEAAX$$QEAV<lambda_fb3a7dec4e47f37f22dae91bb15c9095>@@AEAV<lambda_698284760c8add0bfb0756c19673e34b>@@$$QEAV<lambda_dfb8eca1e75fef3034a8fb18dd509707>@@@Z@4HA 00000001800441d8     libucrt:per_thread_data.obj
 0004:000021d8       $pdata$?fin$0@?0???$?RV<lambda_c36588078e9f5dfd39652860aa6b3aaf>@@AEAV<lambda_ec61778202f4f5fc7e7711acc23c3bca>@@V<lambda_dc9d2797ccde5d239b4a0efae8ebd7db>@@@?$__crt_seh_guarded_call@P6AXH@Z@@QEAAP6AXH@Z$$QEAV<lambda_c36588078e9f5dfd39652860aa6b3aaf>@@AEAV<lambda_ec61778202f4f5fc7e7711acc23c3bca>@@$$QEAV<lambda_dc9d2797ccde5d239b4a0efae8ebd7db>@@@Z@4HA 00000001800441d8     libucrt:signal.obj
 0004:000021e4       $pdata$raise$fin$0         00000001800441e4     libucrt:signal.obj
 0004:000021f0       $pdata$__acrt_update_thread_multibyte_data$fin$0 00000001800441f0     libucrt:mbctype.obj
 0004:000021fc       $pdata$__acrt_lowio_ensure_fh_exists$fin$0 00000001800441fc     libucrt:osfinfo.obj
 0004:000021fc       $pdata$__acrt_initialize_lowio$fin$0 00000001800441fc     libucrt:ioinit.obj
 0004:00002208       $pdata$common_control87$filt$0 0000000180044208     libucrt:ieee.obj
 0004:00002208       $pdata$_ctrlfp$filt$0      0000000180044208     libucrt:fpctrl.obj
 0004:00002214       $pdata$_IsNonwritableInCurrentImage$filt$0 0000000180044214     LIBCMT:pesect.obj
 0004:00002220       $pdata$??__Fcout@std@@YAXXZ 0000000180044220     libcpmt:cout.obj
 0004:0000222c       $pdata$??__F_Fac_tidy_reg@std@@YAXXZ 000000018004422c     libcpmt:locale0.obj
 0004:00002238       $pdata$??__Fclassic_locale@std@@YAXXZ 0000000180044238     libcpmt:locale0.obj
 0004:00002244       $pdata$??__Finit_atexit@@YAXXZ 0000000180044244     libcpmt:iosptrs.obj
 0005:00000000       __guard_fids__             0000000180045000     libucrt:initialization.obj
 0005:00000060       __guard_fids__             0000000180045060     libucrt:stdio_initializer.obj
 0005:00000064       __guard_fids__             0000000180045064     libucrt:stdio_initializer.obj
 0005:00000068       __guard_fids_??$?RV<lambda_630b2aca97f6d20d5b5ea6529ea6b6af>@@AEAV<lambda_af91936f1d075d609f72d9d8cba980af>@@V<lambda_e82fa975f615b5c7c7b0e4d178fdae67>@@@?$__crt_seh_guarded_call@H@@QEAAH$$QEAV<lambda_630b2aca97f6d20d5b5ea6529ea6b6af>@@AEAV<lambda_af91936f1d075d609f72d9d8cba980af>@@$$QEAV<lambda_e82fa975f615b5c7c7b0e4d178fdae67>@@@Z 0000000180045068     libucrt:winapi_thunks.obj
 0005:0000006c       __guard_fids___acrt_initialize_ptd 000000018004506c     libucrt:per_thread_data.obj
 0005:00000070       __guard_fids__             0000000180045070     libucrt:wsetlocale.obj
 0005:00000088       __guard_fids_??$expand_argument_wildcards@D@@YAHQEAD0AEAV?$argument_list@D@?A0xca0879c4@@@Z 0000000180045088     libucrt:argv_wildcards.obj
 0005:0000008c       __guard_fids__             000000018004508c     libucrt:locale_initializer.obj
 0005:00000090       __guard_fids_GetLocaleNameFromLangCountry 0000000180045090     libucrt:get_qualified_locale.obj
 0005:00000094       __guard_fids_GetLocaleNameFromLanguage 0000000180045094     libucrt:get_qualified_locale.obj
 0005:00000098       __guard_fids___acrt_get_qualified_locale_downlevel 0000000180045098     libucrt:getqloc_downlevel.obj
 0005:0000009c       __guard_fids_GetLcidFromLangCountry 000000018004509c     libucrt:getqloc_downlevel.obj
 0005:000000a0       __guard_fids_GetLcidFromLanguage 00000001800450a0     libucrt:getqloc_downlevel.obj
 0005:000000a4       __guard_fids__             00000001800450a4     libucrt:fma3_initializer.obj
 0005:000000a8       __guard_fids__             00000001800450a8     libucrt:timeset_initializer.obj
 0005:000000ac       __guard_fids__             00000001800450ac     libucrt:multibyte_initializer.obj
 0005:000000b0       __guard_fids__             00000001800450b0     libucrt:console_output_initializer.obj
 0005:000000b4       __guard_fids_??__Einitlocks@@YAXXZ 00000001800450b4     libcpmt:cout.obj
 0005:000000b8       __guard_fids_??__Efout@std@@YAXXZ 00000001800450b8     libcpmt:cout.obj
 0005:000000bc       __guard_fids_??__Ecout@std@@YAXXZ 00000001800450bc     libcpmt:cout.obj
 0005:000000c0       __guard_fids__             00000001800450c0     libcpmt:cout.obj
 0005:000000c8       __guard_fids__             00000001800450c8     libcpmt:cout.obj
 0005:000000d0       __guard_fids__             00000001800450d0     libcpmt:cout.obj
 0005:000000d8       __guard_fids__             00000001800450d8     libcpmt:cout.obj
 0005:000000e4       __guard_fids__             00000001800450e4     libcpmt:cout.obj
 0005:00000110       __guard_fids__             0000000180045110     libcpmt:cout.obj
 0005:00000128       __guard_fids__             0000000180045128     libcpmt:cout.obj
 0005:00000130       __guard_fids__             0000000180045130     libcpmt:cout.obj
 0005:00000148       __guard_fids__             0000000180045148     libcpmt:cout.obj
 0005:00000150       __guard_fids__             0000000180045150     libcpmt:cout.obj
 0005:00000154       __guard_fids__             0000000180045154     libcpmt:cout.obj
 0005:00000190       __guard_fids__             0000000180045190     libcpmt:cout.obj
 0005:000001cc       __guard_fids__             00000001800451cc     libcpmt:cout.obj
 0005:000001d0       __guard_fids__             00000001800451d0     libcpmt:cout.obj
 0005:000001d4       __guard_fids__             00000001800451d4     libcpmt:cout.obj
 0005:000001fc       __guard_fids__             00000001800451fc     libcpmt:cout.obj
 0005:00000200       __guard_fids__             0000000180045200     libcpmt:cout.obj
 0005:00000204       __guard_fids__             0000000180045204     libcpmt:cout.obj
 0005:00000208       __guard_fids__             0000000180045208     libcpmt:cout.obj
 0005:0000020c       __guard_fids__             000000018004520c     libcpmt:xthrow.obj
 0005:00000214       __guard_fids__             0000000180045214     libcpmt:xthrow.obj
 0005:0000021c       __guard_fids__             000000018004521c     libcpmt:xthrow.obj
 0005:00000224       __guard_fids__             0000000180045224     libcpmt:xthrow.obj
 0005:0000022c       __guard_fids_??__Einitlocks@std@@YAXXZ 000000018004522c     libcpmt:xlock.obj
 0005:00000230       __guard_fids__             0000000180045230     libcpmt:xlock.obj
 0005:00000234       __guard_fids_??__E_Fac_tidy_reg@std@@YAXXZ 0000000180045234     libcpmt:locale0.obj
 0005:00000238       __guard_fids_?_Setgloballocale@locale@std@@CAXPEAX@Z 0000000180045238     libcpmt:locale0.obj
 0005:0000023c       __guard_fids_??__Eclassic_locale@std@@YAXXZ 000000018004523c     libcpmt:locale0.obj
 0005:00000240       __guard_fids__             0000000180045240     libcpmt:locale0.obj
 0005:0000024c       __guard_fids__             000000018004524c     libcpmt:locale0.obj
 0005:00000250       __guard_fids__             0000000180045250     libcpmt:locale0.obj
 0005:00000254       __guard_fids_??__Einitlocks@std@@YAXXZ 0000000180045254     libcpmt:iosptrs.obj
 0005:00000258       __guard_fids_??__Einit_atexit@@YAXXZ 0000000180045258     libcpmt:iosptrs.obj
 0005:0000025c       __guard_fids__             000000018004525c     libcpmt:iosptrs.obj
 0005:00000260       __guard_fids__             0000000180045260     libcpmt:iosptrs.obj
 0005:00000264       __guard_fids__             0000000180045264     libcpmt:winapisupp.obj
 0005:00000268       __guard_fids__             0000000180045268     LIBCMT:thread_safe_statics.obj
 0005:0000026c       __guard_fids_?__scrt_initialize_thread_safe_statics@@YAHXZ 000000018004526c     LIBCMT:thread_safe_statics.obj
 0005:00000270       __guard_fids_?dllmain_crt_process_attach@@YAHQEAUHINSTANCE__@@QEAX@Z 0000000180045270     LIBCMT:dll_dllmain.obj
 0005:00000278       __guard_fids_?dllmain_dispatch@@YAHQEAUHINSTANCE__@@KQEAX@Z 0000000180045278     LIBCMT:dll_dllmain.obj
 0005:0000027c       __guard_fids__             000000018004527c     LIBCMT:std_type_info_static.obj
 0005:00000280       __guard_fids__             0000000180045280     LIBCMT:throw_bad_alloc.obj
 0005:00000288       __guard_fids__             0000000180045288     LIBCMT:guard_support.obj
 0005:0000028c       __guard_fids__             000000018004528c     libvcruntime:frame.obj
 0005:00000290       __guard_fids__             0000000180045290     libvcruntime:frame.obj
 0005:00000298       __guard_fids__UnwindNestedFrames 0000000180045298     libvcruntime:trnsctrl.obj
 0005:0000029c       __guard_fids___vcrt_initialize_ptd 000000018004529c     libvcruntime:per_thread_data.obj
 0007:00000060       $R000000                   0000000180047060     * linker generated manifest res *

 Exports

  ordinal    name

        1    _register_MtpLite_
